Nov  3 17:33:28 tvermeil kernel: klogd 1.5.1, log source = /proc/kmsg started.
Nov  3 17:33:28 tvermeil kernel: Inspecting /boot/System.map-4.13.0-tvermeil
Nov  3 17:33:29 tvermeil kernel: Inspecting /usr/src/linux/System.map
Nov  3 17:33:29 tvermeil kernel: Cannot find map file.
Nov  3 17:33:29 tvermeil kernel: Loaded 44849 symbols from 1 module.
Nov  3 17:33:29 tvermeil kernel: [    0.000000] random: get_random_bytes called from start_kernel+0x2b/0x3fc with crng_init=0
Nov  3 17:33:29 tvermeil kernel: [    0.000000] Linux version 4.13.0-tvermeil (root@tvermeil) (gcc version 6.3.0 (GCC)) #2 SMP Fri Nov 3 16:39:25 CET 2017
Nov  3 17:33:29 tvermeil kernel: [    0.000000] Command line: BOOT_IMAGE=/vmlinuz-4.13.0-tvermeil root=/dev/sda3 ro
Nov  3 17:33:29 tvermeil kernel: [    0.000000] x86/fpu: Supporting XSAVE feature 0x001: 'x87 floating point registers'
Nov  3 17:33:29 tvermeil kernel: [    0.000000] x86/fpu: Supporting XSAVE feature 0x002: 'SSE registers'
Nov  3 17:33:29 tvermeil kernel: [    0.000000] x86/fpu: Supporting XSAVE feature 0x004: 'AVX registers'
Nov  3 17:33:29 tvermeil kernel: [    0.000000] x86/fpu: xstate_offset[2]:  576, xstate_sizes[2]:  256
Nov  3 17:33:29 tvermeil kernel: [    0.000000] x86/fpu: Enabled xstate features 0x7, context size is 832 bytes, using 'standard' format.
Nov  3 17:33:29 tvermeil kernel: [    0.000000] e820: BIOS-provided physical RAM map:
Nov  3 17:33:29 tvermeil kernel: [    0.000000] BIOS-e820: [mem 0x0000000000000000-0x000000000009fbff] usable
Nov  3 17:33:29 tvermeil kernel: [    0.000000] BIOS-e820: [mem 0x000000000009fc00-0x000000000009ffff] reserved
Nov  3 17:33:29 tvermeil kernel: [    0.000000] BIOS-e820: [mem 0x00000000000f0000-0x00000000000fffff] reserved
Nov  3 17:33:29 tvermeil kernel: [    0.000000] BIOS-e820: [mem 0x0000000000100000-0x000000007ffeffff] usable
Nov  3 17:33:29 tvermeil kernel: [    0.000000] BIOS-e820: [mem 0x000000007fff0000-0x000000007fffffff] ACPI data
Nov  3 17:33:29 tvermeil kernel: [    0.000000] BIOS-e820: [mem 0x00000000fec00000-0x00000000fec00fff] reserved
Nov  3 17:33:29 tvermeil kernel: [    0.000000] BIOS-e820: [mem 0x00000000fee00000-0x00000000fee00fff] reserved
Nov  3 17:33:29 tvermeil kernel: [    0.000000] BIOS-e820: [mem 0x00000000fffc0000-0x00000000ffffffff] reserved
Nov  3 17:33:29 tvermeil kernel: [    0.000000] NX (Execute Disable) protection: active
Nov  3 17:33:29 tvermeil kernel: [    0.000000] random: fast init done
Nov  3 17:33:29 tvermeil kernel: [    0.000000] SMBIOS 2.5 present.
Nov  3 17:33:29 tvermeil kernel: [    0.000000] DMI: innotek GmbH VirtualBox/VirtualBox, BIOS VirtualBox 12/01/2006
Nov  3 17:33:29 tvermeil kernel: [    0.000000] tsc: Fast TSC calibration using PIT
Nov  3 17:33:29 tvermeil kernel: [    0.000000] e820: update [mem 0x00000000-0x00000fff] usable ==> reserved
Nov  3 17:33:29 tvermeil kernel: [    0.000000] e820: remove [mem 0x000a0000-0x000fffff] usable
Nov  3 17:33:29 tvermeil kernel: [    0.000000] e820: last_pfn = 0x7fff0 max_arch_pfn = 0x400000000
Nov  3 17:33:29 tvermeil kernel: [    0.000000] MTRR default type: uncachable
Nov  3 17:33:29 tvermeil kernel: [    0.000000] MTRR variable ranges disabled:
Nov  3 17:33:29 tvermeil kernel: [    0.000000] MTRR: Disabled
Nov  3 17:33:29 tvermeil kernel: [    0.000000] x86/PAT: MTRRs disabled, skipping PAT initialization too.
Nov  3 17:33:29 tvermeil kernel: [    0.000000] CPU MTRRs all blank - virtualized system.
Nov  3 17:33:29 tvermeil kernel: [    0.000000] x86/PAT: Configuration [0-7]: WB  WT  UC- UC  WB  WT  UC- UC  
Nov  3 17:33:29 tvermeil kernel: [    0.000000] found SMP MP-table at [mem 0x0009fff0-0x0009ffff] mapped at [ffff88000009fff0]
Nov  3 17:33:29 tvermeil kernel: [    0.000000] Scanning 1 areas for low memory corruption
Nov  3 17:33:29 tvermeil kernel: [    0.000000] Base memory trampoline at [ffff880000099000] 99000 size 24576
Nov  3 17:33:29 tvermeil kernel: [    0.000000] BRK [0x0215c000, 0x0215cfff] PGTABLE
Nov  3 17:33:29 tvermeil kernel: [    0.000000] BRK [0x0215d000, 0x0215dfff] PGTABLE
Nov  3 17:33:29 tvermeil kernel: [    0.000000] BRK [0x0215e000, 0x0215efff] PGTABLE
Nov  3 17:33:29 tvermeil kernel: [    0.000000] BRK [0x0215f000, 0x0215ffff] PGTABLE
Nov  3 17:33:29 tvermeil kernel: [    0.000000] BRK [0x02160000, 0x02160fff] PGTABLE
Nov  3 17:33:29 tvermeil kernel: [    0.000000] ACPI: Early table checksum verification disabled
Nov  3 17:33:29 tvermeil kernel: [    0.000000] ACPI: RSDP 0x00000000000E0000 000024 (v02 VBOX  )
Nov  3 17:33:29 tvermeil kernel: [    0.000000] ACPI: XSDT 0x000000007FFF0030 00003C (v01 VBOX   VBOXXSDT 00000001 ASL  00000061)
Nov  3 17:33:29 tvermeil kernel: [    0.000000] ACPI: FACP 0x000000007FFF00F0 0000F4 (v04 VBOX   VBOXFACP 00000001 ASL  00000061)
Nov  3 17:33:29 tvermeil kernel: [    0.000000] ACPI: DSDT 0x000000007FFF0470 0021FF (v02 VBOX   VBOXBIOS 00000002 INTL 20100528)
Nov  3 17:33:29 tvermeil kernel: [    0.000000] ACPI: FACS 0x000000007FFF0200 000040
Nov  3 17:33:29 tvermeil kernel: [    0.000000] ACPI: FACS 0x000000007FFF0200 000040
Nov  3 17:33:29 tvermeil kernel: [    0.000000] ACPI: APIC 0x000000007FFF0240 000054 (v02 VBOX   VBOXAPIC 00000001 ASL  00000061)
Nov  3 17:33:29 tvermeil kernel: [    0.000000] ACPI: SSDT 0x000000007FFF02A0 0001CC (v01 VBOX   VBOXCPUT 00000002 INTL 20100528)
Nov  3 17:33:29 tvermeil kernel: [    0.000000] ACPI: Local APIC address 0xfee00000
Nov  3 17:33:29 tvermeil kernel: [    0.000000] No NUMA configuration found
Nov  3 17:33:29 tvermeil kernel: [    0.000000] Faking a node at [mem 0x0000000000000000-0x000000007ffeffff]
Nov  3 17:33:29 tvermeil kernel: [    0.000000] NODE_DATA(0) allocated [mem 0x7ffec000-0x7ffeffff]
Nov  3 17:33:29 tvermeil kernel: [    0.000000] Zone ranges:
Nov  3 17:33:29 tvermeil kernel: [    0.000000]   DMA      [mem 0x0000000000001000-0x0000000000ffffff]
Nov  3 17:33:29 tvermeil kernel: [    0.000000]   DMA32    [mem 0x0000000001000000-0x000000007ffeffff]
Nov  3 17:33:29 tvermeil kernel: [    0.000000]   Normal   empty
Nov  3 17:33:29 tvermeil kernel: [    0.000000] Movable zone start for each node
Nov  3 17:33:29 tvermeil kernel: [    0.000000] Early memory node ranges
Nov  3 17:33:29 tvermeil kernel: [    0.000000]   node   0: [mem 0x0000000000001000-0x000000000009efff]
Nov  3 17:33:29 tvermeil kernel: [    0.000000]   node   0: [mem 0x0000000000100000-0x000000007ffeffff]
Nov  3 17:33:29 tvermeil kernel: [    0.000000] Initmem setup node 0 [mem 0x0000000000001000-0x000000007ffeffff]
Nov  3 17:33:29 tvermeil kernel: [    0.000000] On node 0 totalpages: 524174
Nov  3 17:33:29 tvermeil kernel: [    0.000000]   DMA zone: 64 pages used for memmap
Nov  3 17:33:29 tvermeil kernel: [    0.000000]   DMA zone: 21 pages reserved
Nov  3 17:33:29 tvermeil kernel: [    0.000000]   DMA zone: 3998 pages, LIFO batch:0
Nov  3 17:33:29 tvermeil kernel: [    0.000000]   DMA32 zone: 8128 pages used for memmap
Nov  3 17:33:29 tvermeil kernel: [    0.000000]   DMA32 zone: 520176 pages, LIFO batch:31
Nov  3 17:33:29 tvermeil kernel: [    0.000000] ACPI: PM-Timer IO Port: 0x4008
Nov  3 17:33:29 tvermeil kernel: [    0.000000] ACPI: Local APIC address 0xfee00000
Nov  3 17:33:29 tvermeil kernel: [    0.000000] IOAPIC[0]: apic_id 1, version 32, address 0xfec00000, GSI 0-23
Nov  3 17:33:29 tvermeil kernel: [    0.000000] ACPI: INT_SRC_OVR (bus 0 bus_irq 0 global_irq 2 dfl dfl)
Nov  3 17:33:29 tvermeil kernel: [    0.000000] ACPI: INT_SRC_OVR (bus 0 bus_irq 9 global_irq 9 high level)
Nov  3 17:33:29 tvermeil kernel: [    0.000000] ACPI: IRQ0 used by override.
Nov  3 17:33:29 tvermeil kernel: [    0.000000] ACPI: IRQ9 used by override.
Nov  3 17:33:29 tvermeil kernel: [    0.000000] Using ACPI (MADT) for SMP configuration information
Nov  3 17:33:29 tvermeil kernel: [    0.000000] smpboot: Allowing 1 CPUs, 0 hotplug CPUs
Nov  3 17:33:29 tvermeil kernel: [    0.000000] PM: Registered nosave memory: [mem 0x00000000-0x00000fff]
Nov  3 17:33:29 tvermeil kernel: [    0.000000] PM: Registered nosave memory: [mem 0x0009f000-0x0009ffff]
Nov  3 17:33:29 tvermeil kernel: [    0.000000] PM: Registered nosave memory: [mem 0x000a0000-0x000effff]
Nov  3 17:33:29 tvermeil kernel: [    0.000000] PM: Registered nosave memory: [mem 0x000f0000-0x000fffff]
Nov  3 17:33:29 tvermeil kernel: [    0.000000] e820: [mem 0x80000000-0xfebfffff] available for PCI devices
Nov  3 17:33:29 tvermeil kernel: [    0.000000] clocksource: refined-jiffies: mask: 0xffffffff max_cycles: 0xffffffff, max_idle_ns: 1910969940391419 ns
Nov  3 17:33:29 tvermeil kernel: [    0.000000] setup_percpu: NR_CPUS:64 nr_cpumask_bits:64 nr_cpu_ids:1 nr_node_ids:1
Nov  3 17:33:29 tvermeil kernel: [    0.000000] percpu: Embedded 37 pages/cpu @ffff88007fc00000 s110872 r8192 d32488 u2097152
Nov  3 17:33:29 tvermeil kernel: [    0.000000] pcpu-alloc: s110872 r8192 d32488 u2097152 alloc=1*2097152
Nov  3 17:33:29 tvermeil kernel: [    0.000000] pcpu-alloc: [0] 0 
Nov  3 17:33:29 tvermeil kernel: [    0.000000] Built 1 zonelists in Node order, mobility grouping on.  Total pages: 515961
Nov  3 17:33:29 tvermeil kernel: [    0.000000] Policy zone: DMA32
Nov  3 17:33:29 tvermeil kernel: [    0.000000] Kernel command line: BOOT_IMAGE=/vmlinuz-4.13.0-tvermeil root=/dev/sda3 ro
Nov  3 17:33:29 tvermeil kernel: [    0.000000] PID hash table entries: 4096 (order: 3, 32768 bytes)
Nov  3 17:33:29 tvermeil kernel: [    0.000000] Calgary: detecting Calgary via BIOS EBDA area
Nov  3 17:33:29 tvermeil kernel: [    0.000000] Calgary: Unable to locate Rio Grande table in EBDA - bailing!
Nov  3 17:33:29 tvermeil kernel: [    0.000000] Memory: 2045820K/2096696K available (9678K kernel code, 1436K rwdata, 3172K rodata, 1184K init, 684K bss, 50876K reserved, 0K cma-reserved)
Nov  3 17:33:29 tvermeil kernel: [    0.000000] SLUB: HWalign=64, Order=0-3, MinObjects=0, CPUs=1, Nodes=1
Nov  3 17:33:29 tvermeil kernel: [    0.000000] Hierarchical RCU implementation.
Nov  3 17:33:29 tvermeil kernel: [    0.000000] ^IRCU restricting CPUs from NR_CPUS=64 to nr_cpu_ids=1.
Nov  3 17:33:29 tvermeil kernel: [    0.000000] RCU: Adjusting geometry for rcu_fanout_leaf=16, nr_cpu_ids=1
Nov  3 17:33:29 tvermeil kernel: [    0.000000] NR_IRQS: 4352, nr_irqs: 256, preallocated irqs: 16
Nov  3 17:33:29 tvermeil kernel: [    0.000000] Console: colour VGA+ 80x25
Nov  3 17:33:29 tvermeil kernel: [    0.000000] console [tty0] enabled
Nov  3 17:33:29 tvermeil kernel: [    0.000000] tsc: Fast TSC calibration using PIT
Nov  3 17:33:29 tvermeil kernel: [    0.001000] tsc: Detected 2893.430 MHz processor
Nov  3 17:33:29 tvermeil kernel: [    0.002000] Calibrating delay loop (skipped), value calculated using timer frequency.. 5786.86 BogoMIPS (lpj=2893430)
Nov  3 17:33:29 tvermeil kernel: [    0.003004] pid_max: default: 32768 minimum: 301
Nov  3 17:33:29 tvermeil kernel: [    0.003640] ACPI: Core revision 20170531
Nov  3 17:33:29 tvermeil kernel: [    0.005445] ACPI: 2 ACPI AML tables successfully acquired and loaded
Nov  3 17:33:29 tvermeil kernel: [    0.006038] Security Framework initialized
Nov  3 17:33:29 tvermeil kernel: [    0.007620] Dentry cache hash table entries: 262144 (order: 9, 2097152 bytes)
Nov  3 17:33:29 tvermeil kernel: [    0.008106] Inode-cache hash table entries: 131072 (order: 8, 1048576 bytes)
Nov  3 17:33:29 tvermeil kernel: [    0.008824] Mount-cache hash table entries: 4096 (order: 3, 32768 bytes)
Nov  3 17:33:29 tvermeil kernel: [    0.009008] Mountpoint-cache hash table entries: 4096 (order: 3, 32768 bytes)
Nov  3 17:33:29 tvermeil kernel: [    0.010129] CPU: Physical Processor ID: 0
Nov  3 17:33:29 tvermeil kernel: [    0.010777] mce: CPU supports 0 MCE banks
Nov  3 17:33:29 tvermeil kernel: [    0.011021] process: using mwait in idle threads
Nov  3 17:33:29 tvermeil kernel: [    0.012009] Last level iTLB entries: 4KB 512, 2MB 8, 4MB 8
Nov  3 17:33:29 tvermeil kernel: [    0.012745] Last level dTLB entries: 4KB 512, 2MB 32, 4MB 32, 1GB 0
Nov  3 17:33:29 tvermeil kernel: [    0.025130] Freeing SMP alternatives memory: 36K
Nov  3 17:33:29 tvermeil kernel: [    0.026308] smpboot: Max logical packages: 1
Nov  3 17:33:29 tvermeil kernel: [    0.028130] ..TIMER: vector=0x30 apic1=0 pin1=2 apic2=-1 pin2=-1
Nov  3 17:33:29 tvermeil kernel: [    0.040000] smpboot: CPU0: Intel(R) Core(TM) i5-3470S CPU @ 2.90GHz (family: 0x6, model: 0x3a, stepping: 0x9)
Nov  3 17:33:29 tvermeil kernel: [    0.040080] Performance Events: unsupported p6 CPU model 58 no PMU driver, software events only.
Nov  3 17:33:29 tvermeil kernel: [    0.041000] Hierarchical SRCU implementation.
Nov  3 17:33:29 tvermeil kernel: [    0.041977] smp: Bringing up secondary CPUs ...
Nov  3 17:33:29 tvermeil kernel: [    0.042003] smp: Brought up 1 node, 1 CPU
Nov  3 17:33:29 tvermeil kernel: [    0.042642] smpboot: Total of 1 processors activated (5786.86 BogoMIPS)
Nov  3 17:33:29 tvermeil kernel: [    0.043383] devtmpfs: initialized
Nov  3 17:33:29 tvermeil kernel: [    0.044190] clocksource: jiffies: mask: 0xffffffff max_cycles: 0xffffffff, max_idle_ns: 1911260446275000 ns
Nov  3 17:33:29 tvermeil kernel: [    0.046007] futex hash table entries: 256 (order: 2, 16384 bytes)
Nov  3 17:33:29 tvermeil kernel: [    0.046709] RTC time: 16:33:25, date: 11/03/17
Nov  3 17:33:29 tvermeil kernel: [    0.047423] NET: Registered protocol family 16
Nov  3 17:33:29 tvermeil kernel: [    0.048105] cpuidle: using governor menu
Nov  3 17:33:29 tvermeil kernel: [    0.049000] PCCT header not found.
Nov  3 17:33:29 tvermeil kernel: [    0.049421] ACPI: bus type PCI registered
Nov  3 17:33:29 tvermeil kernel: [    0.050074] PCI: Using configuration type 1 for base access
Nov  3 17:33:29 tvermeil kernel: [    0.052038] HugeTLB registered 2.00 MiB page size, pre-allocated 0 pages
Nov  3 17:33:29 tvermeil kernel: [    0.052776] ACPI: Added _OSI(Module Device)
Nov  3 17:33:29 tvermeil kernel: [    0.053236] ACPI: Added _OSI(Processor Device)
Nov  3 17:33:29 tvermeil kernel: [    0.054002] ACPI: Added _OSI(3.0 _SCP Extensions)
Nov  3 17:33:29 tvermeil kernel: [    0.055000] ACPI: Added _OSI(Processor Aggregator Device)
Nov  3 17:33:29 tvermeil kernel: [    0.055777] ACPI: Executed 1 blocks of module-level executable AML code
Nov  3 17:33:29 tvermeil kernel: [    0.058201] ACPI: Interpreter enabled
Nov  3 17:33:29 tvermeil kernel: [    0.058812] ACPI: (supports S0 S5)
Nov  3 17:33:29 tvermeil kernel: [    0.059003] ACPI: Using IOAPIC for interrupt routing
Nov  3 17:33:29 tvermeil kernel: [    0.060201] PCI: Using host bridge windows from ACPI; if necessary, use "pci=nocrs" and report a bug
Nov  3 17:33:29 tvermeil kernel: [    0.066140] ACPI: PCI Root Bridge [PCI0] (domain 0000 [bus 00-ff])
Nov  3 17:33:29 tvermeil kernel: [    0.066814] acpi PNP0A03:00: _OSC: OS supports [ASPM ClockPM Segments MSI]
Nov  3 17:33:29 tvermeil kernel: [    0.067018] acpi PNP0A03:00: _OSC: not requesting OS control; OS requires [ExtendedConfig ASPM ClockPM MSI]
Nov  3 17:33:29 tvermeil kernel: [    0.068000] acpi PNP0A03:00: fail to add MMCONFIG information, can't access extended PCI configuration space under this bridge.
Nov  3 17:33:29 tvermeil kernel: [    0.069000] PCI host bridge to bus 0000:00
Nov  3 17:33:29 tvermeil kernel: [    0.069618] pci_bus 0000:00: root bus resource [io  0x0000-0x0cf7 window]
Nov  3 17:33:29 tvermeil kernel: [    0.070192] pci_bus 0000:00: root bus resource [io  0x0d00-0xffff window]
Nov  3 17:33:29 tvermeil kernel: [    0.071003] pci_bus 0000:00: root bus resource [mem 0x000a0000-0x000bffff window]
Nov  3 17:33:29 tvermeil kernel: [    0.072000] pci_bus 0000:00: root bus resource [mem 0x80000000-0xffdfffff window]
Nov  3 17:33:29 tvermeil kernel: [    0.073004] pci_bus 0000:00: root bus resource [bus 00-ff]
Nov  3 17:33:29 tvermeil kernel: [    0.073693] pci 0000:00:00.0: [8086:1237] type 00 class 0x060000
Nov  3 17:33:29 tvermeil kernel: [    0.074342] pci 0000:00:01.0: [8086:7000] type 00 class 0x060100
Nov  3 17:33:29 tvermeil kernel: [    0.075081] pci 0000:00:01.1: [8086:7111] type 00 class 0x01018a
Nov  3 17:33:29 tvermeil kernel: [    0.075588] pci 0000:00:01.1: reg 0x20: [io  0xd000-0xd00f]
Nov  3 17:33:29 tvermeil kernel: [    0.075794] pci 0000:00:01.1: legacy IDE quirk: reg 0x10: [io  0x01f0-0x01f7]
Nov  3 17:33:29 tvermeil kernel: [    0.076005] pci 0000:00:01.1: legacy IDE quirk: reg 0x14: [io  0x03f6]
Nov  3 17:33:29 tvermeil kernel: [    0.076678] pci 0000:00:01.1: legacy IDE quirk: reg 0x18: [io  0x0170-0x0177]
Nov  3 17:33:29 tvermeil kernel: [    0.077000] pci 0000:00:01.1: legacy IDE quirk: reg 0x1c: [io  0x0376]
Nov  3 17:33:29 tvermeil kernel: [    0.078016] pci 0000:00:02.0: [80ee:beef] type 00 class 0x030000
Nov  3 17:33:29 tvermeil kernel: [    0.079554] pci 0000:00:02.0: reg 0x10: [mem 0xe0000000-0xe1ffffff pref]
Nov  3 17:33:29 tvermeil kernel: [    0.089830] pci 0000:00:03.0: [8086:100e] type 00 class 0x020000
Nov  3 17:33:29 tvermeil kernel: [    0.091635] pci 0000:00:03.0: reg 0x10: [mem 0xf0000000-0xf001ffff]
Nov  3 17:33:29 tvermeil kernel: [    0.093745] pci 0000:00:03.0: reg 0x18: [io  0xd010-0xd017]
Nov  3 17:33:29 tvermeil kernel: [    0.098671] pci 0000:00:04.0: [80ee:cafe] type 00 class 0x088000
Nov  3 17:33:29 tvermeil kernel: [    0.100346] pci 0000:00:04.0: reg 0x10: [io  0xd020-0xd03f]
Nov  3 17:33:29 tvermeil kernel: [    0.101442] pci 0000:00:04.0: reg 0x14: [mem 0xf0400000-0xf07fffff]
Nov  3 17:33:29 tvermeil kernel: [    0.102444] pci 0000:00:04.0: reg 0x18: [mem 0xf0800000-0xf0803fff pref]
Nov  3 17:33:29 tvermeil kernel: [    0.107336] pci 0000:00:05.0: [8086:2415] type 00 class 0x040100
Nov  3 17:33:29 tvermeil kernel: [    0.107478] pci 0000:00:05.0: reg 0x10: [io  0xd100-0xd1ff]
Nov  3 17:33:29 tvermeil kernel: [    0.107557] pci 0000:00:05.0: reg 0x14: [io  0xd200-0xd23f]
Nov  3 17:33:29 tvermeil kernel: [    0.108162] pci 0000:00:06.0: [106b:003f] type 00 class 0x0c0310
Nov  3 17:33:29 tvermeil kernel: [    0.109119] pci 0000:00:06.0: reg 0x10: [mem 0xf0804000-0xf0804fff]
Nov  3 17:33:29 tvermeil kernel: [    0.116331] pci 0000:00:07.0: [8086:7113] type 00 class 0x068000
Nov  3 17:33:29 tvermeil kernel: [    0.116875] pci 0000:00:07.0: quirk: [io  0x4000-0x403f] claimed by PIIX4 ACPI
Nov  3 17:33:29 tvermeil kernel: [    0.117021] pci 0000:00:07.0: quirk: [io  0x4100-0x410f] claimed by PIIX4 SMB
Nov  3 17:33:29 tvermeil kernel: [    0.118089] pci 0000:00:08.0: [8086:100e] type 00 class 0x020000
Nov  3 17:33:29 tvermeil kernel: [    0.119544] pci 0000:00:08.0: reg 0x10: [mem 0xf0820000-0xf083ffff]
Nov  3 17:33:29 tvermeil kernel: [    0.122152] pci 0000:00:08.0: reg 0x18: [io  0xd240-0xd247]
Nov  3 17:33:29 tvermeil kernel: [    0.128293] pci 0000:00:0d.0: [8086:2829] type 00 class 0x010601
Nov  3 17:33:29 tvermeil kernel: [    0.129136] pci 0000:00:0d.0: reg 0x10: [io  0xd248-0xd24f]
Nov  3 17:33:29 tvermeil kernel: [    0.132032] pci 0000:00:0d.0: reg 0x18: [io  0xd258-0xd25f]
Nov  3 17:33:29 tvermeil kernel: [    0.134115] pci 0000:00:0d.0: reg 0x20: [io  0xd270-0xd27f]
Nov  3 17:33:29 tvermeil kernel: [    0.135133] pci 0000:00:0d.0: reg 0x24: [mem 0xf0840000-0xf0841fff]
Nov  3 17:33:29 tvermeil kernel: [    0.138295] ACPI: PCI Interrupt Link [LNKA] (IRQs 5 9 10 *11)
Nov  3 17:33:29 tvermeil kernel: [    0.139191] ACPI: PCI Interrupt Link [LNKB] (IRQs 5 9 10 *11)
Nov  3 17:33:29 tvermeil kernel: [    0.140013] ACPI: PCI Interrupt Link [LNKC] (IRQs 5 9 *10 11)
Nov  3 17:33:29 tvermeil kernel: [    0.140972] ACPI: PCI Interrupt Link [LNKD] (IRQs 5 *9 10 11)
Nov  3 17:33:29 tvermeil kernel: [    0.141192] ACPI: Enabled 2 GPEs in block 00 to 07
Nov  3 17:33:29 tvermeil kernel: [    0.142140] pci 0000:00:02.0: vgaarb: setting as boot VGA device
Nov  3 17:33:29 tvermeil kernel: [    0.142628] pci 0000:00:02.0: vgaarb: VGA device added: decodes=io+mem,owns=io+mem,locks=none
Nov  3 17:33:29 tvermeil kernel: [    0.143006] pci 0000:00:02.0: vgaarb: bridge control possible
Nov  3 17:33:29 tvermeil kernel: [    0.143728] vgaarb: loaded
Nov  3 17:33:29 tvermeil kernel: [    0.144096] SCSI subsystem initialized
Nov  3 17:33:29 tvermeil kernel: [    0.145000] libata version 3.00 loaded.
Nov  3 17:33:29 tvermeil kernel: [    0.145000] ACPI: bus type USB registered
Nov  3 17:33:29 tvermeil kernel: [    0.146000] usbcore: registered new interface driver usbfs
Nov  3 17:33:29 tvermeil kernel: [    0.146395] usbcore: registered new interface driver hub
Nov  3 17:33:29 tvermeil kernel: [    0.148008] usbcore: registered new device driver usb
Nov  3 17:33:29 tvermeil kernel: [    0.148638] pps_core: LinuxPPS API ver. 1 registered
Nov  3 17:33:29 tvermeil kernel: [    0.149000] pps_core: Software ver. 5.3.6 - Copyright 2005-2007 Rodolfo Giometti <giometti@linux.it>
Nov  3 17:33:29 tvermeil kernel: [    0.150008] PTP clock support registered
Nov  3 17:33:29 tvermeil kernel: [    0.150659] EDAC MC: Ver: 3.0.0
Nov  3 17:33:29 tvermeil kernel: [    0.151095] Advanced Linux Sound Architecture Driver Initialized.
Nov  3 17:33:29 tvermeil kernel: [    0.152017] PCI: Using ACPI for IRQ routing
Nov  3 17:33:29 tvermeil kernel: [    0.152654] PCI: pci_cache_line_size set to 64 bytes
Nov  3 17:33:29 tvermeil kernel: [    0.152864] e820: reserve RAM buffer [mem 0x0009fc00-0x0009ffff]
Nov  3 17:33:29 tvermeil kernel: [    0.152868] e820: reserve RAM buffer [mem 0x7fff0000-0x7fffffff]
Nov  3 17:33:29 tvermeil kernel: [    0.153000] NetLabel: Initializing
Nov  3 17:33:29 tvermeil kernel: [    0.153002] NetLabel:  domain hash size = 128
Nov  3 17:33:29 tvermeil kernel: [    0.154003] NetLabel:  protocols = UNLABELED CIPSOv4 CALIPSO
Nov  3 17:33:29 tvermeil kernel: [    0.154729] NetLabel:  unlabeled traffic allowed by default
Nov  3 17:33:29 tvermeil kernel: [    0.155124] clocksource: Switched to clocksource refined-jiffies
Nov  3 17:33:29 tvermeil kernel: [    0.162998] VFS: Disk quotas dquot_6.6.0
Nov  3 17:33:29 tvermeil kernel: [    0.163014] VFS: Dquot-cache hash table entries: 512 (order 0, 4096 bytes)
Nov  3 17:33:29 tvermeil kernel: [    0.163998] pnp: PnP ACPI init
Nov  3 17:33:29 tvermeil kernel: [    0.164632] pnp 00:00: Plug and Play ACPI device, IDs PNP0303 (active)
Nov  3 17:33:29 tvermeil kernel: [    0.164688] pnp 00:01: Plug and Play ACPI device, IDs PNP0f03 (active)
Nov  3 17:33:29 tvermeil kernel: [    0.165504] pnp: PnP ACPI: found 2 devices
Nov  3 17:33:29 tvermeil kernel: [    0.174189] clocksource: acpi_pm: mask: 0xffffff max_cycles: 0xffffff, max_idle_ns: 2085701024 ns
Nov  3 17:33:29 tvermeil kernel: [    0.174997] clocksource: Switched to clocksource acpi_pm
Nov  3 17:33:29 tvermeil kernel: [    0.175426] pci_bus 0000:00: resource 4 [io  0x0000-0x0cf7 window]
Nov  3 17:33:29 tvermeil kernel: [    0.175427] pci_bus 0000:00: resource 5 [io  0x0d00-0xffff window]
Nov  3 17:33:29 tvermeil kernel: [    0.175428] pci_bus 0000:00: resource 6 [mem 0x000a0000-0x000bffff window]
Nov  3 17:33:29 tvermeil kernel: [    0.175429] pci_bus 0000:00: resource 7 [mem 0x80000000-0xffdfffff window]
Nov  3 17:33:29 tvermeil kernel: [    0.175471] NET: Registered protocol family 2
Nov  3 17:33:29 tvermeil kernel: [    0.177154] TCP established hash table entries: 16384 (order: 5, 131072 bytes)
Nov  3 17:33:29 tvermeil kernel: [    0.178268] TCP bind hash table entries: 16384 (order: 6, 262144 bytes)
Nov  3 17:33:29 tvermeil kernel: [    0.179093] TCP: Hash tables configured (established 16384 bind 16384)
Nov  3 17:33:29 tvermeil kernel: [    0.179791] UDP hash table entries: 1024 (order: 3, 32768 bytes)
Nov  3 17:33:29 tvermeil kernel: [    0.180073] UDP-Lite hash table entries: 1024 (order: 3, 32768 bytes)
Nov  3 17:33:29 tvermeil kernel: [    0.180416] NET: Registered protocol family 1
Nov  3 17:33:29 tvermeil kernel: [    0.182140] RPC: Registered named UNIX socket transport module.
Nov  3 17:33:29 tvermeil kernel: [    0.182853] RPC: Registered udp transport module.
Nov  3 17:33:29 tvermeil kernel: [    0.183078] RPC: Registered tcp transport module.
Nov  3 17:33:29 tvermeil kernel: [    0.183315] RPC: Registered tcp NFSv4.1 backchannel transport module.
Nov  3 17:33:29 tvermeil kernel: [    0.184073] pci 0000:00:00.0: Limiting direct PCI/PCI transfers
Nov  3 17:33:29 tvermeil kernel: [    0.184659] pci 0000:00:01.0: Activating ISA DMA hang workarounds
Nov  3 17:33:29 tvermeil kernel: [    0.186268] pci 0000:00:02.0: Video device with shadowed ROM at [mem 0x000c0000-0x000dffff]
Nov  3 17:33:29 tvermeil kernel: [    0.188061] PCI: CLS 0 bytes, default 64
Nov  3 17:33:29 tvermeil kernel: [    0.188147] RAPL PMU: API unit is 2^-32 Joules, 3 fixed counters, 10737418240 ms ovfl timer
Nov  3 17:33:29 tvermeil kernel: [    0.189075] RAPL PMU: hw unit of domain pp0-core 2^-0 Joules
Nov  3 17:33:29 tvermeil kernel: [    0.189585] RAPL PMU: hw unit of domain package 2^-0 Joules
Nov  3 17:33:29 tvermeil kernel: [    0.190328] RAPL PMU: hw unit of domain pp1-gpu 2^-0 Joules
Nov  3 17:33:29 tvermeil kernel: [    0.191014] platform rtc_cmos: registered platform RTC device (no PNP device found)
Nov  3 17:33:29 tvermeil kernel: [    0.193146] Scanning for low memory corruption every 60 seconds
Nov  3 17:33:29 tvermeil kernel: [    0.194148] audit: initializing netlink subsys (disabled)
Nov  3 17:33:29 tvermeil kernel: [    0.195038] audit: type=2000 audit(1509726805.194:1): state=initialized audit_enabled=0 res=1
Nov  3 17:33:29 tvermeil kernel: [    0.196096] workingset: timestamp_bits=56 max_order=19 bucket_order=0
Nov  3 17:33:29 tvermeil kernel: [    0.197358] NFS: Registering the id_resolver key type
Nov  3 17:33:29 tvermeil kernel: [    0.198076] Key type id_resolver registered
Nov  3 17:33:29 tvermeil kernel: [    0.198556] Key type id_legacy registered
Nov  3 17:33:29 tvermeil kernel: [    0.200058] cryptomgr_test (29) used greatest stack depth: 15448 bytes left
Nov  3 17:33:29 tvermeil kernel: [    0.200784] cryptomgr_test (31) used greatest stack depth: 15240 bytes left
Nov  3 17:33:29 tvermeil kernel: [    0.202075] Block layer SCSI generic (bsg) driver version 0.4 loaded (major 250)
Nov  3 17:33:29 tvermeil kernel: [    0.203097] io scheduler noop registered
Nov  3 17:33:29 tvermeil kernel: [    0.203708] io scheduler deadline registered
Nov  3 17:33:29 tvermeil kernel: [    0.204073] io scheduler cfq registered (default)
Nov  3 17:33:29 tvermeil kernel: [    0.204507] io scheduler mq-deadline registered
Nov  3 17:33:29 tvermeil kernel: [    0.205074] io scheduler kyber registered
Nov  3 17:33:29 tvermeil kernel: [    0.205690] ACPI: AC Adapter [AC] (on-line)
Nov  3 17:33:29 tvermeil kernel: [    0.207184] input: Power Button as /devices/LNXSYSTM:00/LNXPWRBN:00/input/input0
Nov  3 17:33:29 tvermeil kernel: [    0.208078] ACPI: Power Button [PWRF]
Nov  3 17:33:29 tvermeil kernel: [    0.208672] input: Sleep Button as /devices/LNXSYSTM:00/LNXSLPBN:00/input/input1
Nov  3 17:33:29 tvermeil kernel: [    0.209596] ACPI: Sleep Button [SLPF]
Nov  3 17:33:29 tvermeil kernel: [    0.210426] ACPI: Video Device [GFX0] (multi-head: yes  rom: no  post: no)
Nov  3 17:33:29 tvermeil kernel: [    0.211142] input: Video Bus as /devices/LNXSYSTM:00/LNXSYBUS:00/PNP0A03:00/LNXVIDEO:00/input/input2
Nov  3 17:33:29 tvermeil kernel: [    0.212535] Serial: 8250/16550 driver, 4 ports, IRQ sharing enabled
Nov  3 17:33:29 tvermeil kernel: [    0.214208] Non-volatile memory driver v1.3
Nov  3 17:33:29 tvermeil kernel: [    0.214618] Linux agpgart interface v0.103
Nov  3 17:33:29 tvermeil kernel: [    0.216077] loop: module loaded
Nov  3 17:33:29 tvermeil kernel: [    0.216731] ahci 0000:00:0d.0: version 3.0
Nov  3 17:33:29 tvermeil kernel: [    0.217452] ahci 0000:00:0d.0: SSS flag set, parallel bus scan disabled
Nov  3 17:33:29 tvermeil kernel: [    0.218959] ahci 0000:00:0d.0: AHCI 0001.0100 32 slots 1 ports 3 Gbps 0x1 impl SATA mode
Nov  3 17:33:29 tvermeil kernel: [    0.220087] ahci 0000:00:0d.0: flags: 64bit ncq stag only ccc 
Nov  3 17:33:29 tvermeil kernel: [    0.220993] scsi host0: ahci
Nov  3 17:33:29 tvermeil kernel: [    0.221673] ata1: SATA max UDMA/133 abar m8192@0xf0840000 port 0xf0840100 irq 21
Nov  3 17:33:29 tvermeil kernel: [    0.222073] ata_piix 0000:00:01.1: version 2.13
Nov  3 17:33:29 tvermeil kernel: [    0.222074] scsi host1: ata_piix
Nov  3 17:33:29 tvermeil kernel: [    0.223049] scsi host2: ata_piix
Nov  3 17:33:29 tvermeil kernel: [    0.224353] ata2: PATA max UDMA/33 cmd 0x1f0 ctl 0x3f6 bmdma 0xd000 irq 14
Nov  3 17:33:29 tvermeil kernel: [    0.225068] ata3: PATA max UDMA/33 cmd 0x170 ctl 0x376 bmdma 0xd008 irq 15
Nov  3 17:33:29 tvermeil kernel: [    0.225967] e100: Intel(R) PRO/100 Network Driver, 3.5.24-k2-NAPI
Nov  3 17:33:29 tvermeil kernel: [    0.226679] e100: Copyright(c) 1999-2006 Intel Corporation
Nov  3 17:33:29 tvermeil kernel: [    0.227074] e1000: Intel(R) PRO/1000 Network Driver - version 7.3.21-k8-NAPI
Nov  3 17:33:29 tvermeil kernel: [    0.227527] e1000: Copyright (c) 1999-2006 Intel Corporation.
Nov  3 17:33:29 tvermeil kernel: [    0.386168] ata3.00: ATAPI: VBOX CD-ROM, 1.0, max UDMA/133
Nov  3 17:33:29 tvermeil kernel: [    0.387221] ata3.00: configured for UDMA/33
Nov  3 17:33:29 tvermeil kernel: [    0.534580] ata1: SATA link up 3.0 Gbps (SStatus 123 SControl 300)
Nov  3 17:33:29 tvermeil kernel: [    0.535221] ata1.00: ATA-6: VBOX HARDDISK, 1.0, max UDMA/133
Nov  3 17:33:29 tvermeil kernel: [    0.535796] ata1.00: 20971520 sectors, multi 128: LBA48 NCQ (depth 31/32)
Nov  3 17:33:29 tvermeil kernel: [    0.541445] ata1.00: configured for UDMA/133
Nov  3 17:33:29 tvermeil kernel: [    0.542085] scsi 0:0:0:0: Direct-Access     ATA      VBOX HARDDISK    1.0  PQ: 0 ANSI: 5
Nov  3 17:33:29 tvermeil kernel: [    0.543193] sd 0:0:0:0: Attached scsi generic sg0 type 0
Nov  3 17:33:29 tvermeil kernel: [    0.544054] scsi 2:0:0:0: CD-ROM            VBOX     CD-ROM           1.0  PQ: 0 ANSI: 5
Nov  3 17:33:29 tvermeil kernel: [    0.545195] sd 0:0:0:0: [sda] 20971520 512-byte logical blocks: (10.7 GB/10.0 GiB)
Nov  3 17:33:29 tvermeil kernel: [    0.546073] sd 0:0:0:0: [sda] Write Protect is off
Nov  3 17:33:29 tvermeil kernel: [    0.546515] sd 0:0:0:0: [sda] Mode Sense: 00 3a 00 00
Nov  3 17:33:29 tvermeil kernel: [    0.546805] sd 0:0:0:0: [sda] Write cache: enabled, read cache: enabled, doesn't support DPO or FUA
Nov  3 17:33:29 tvermeil kernel: [    0.548060] sr 2:0:0:0: [sr0] scsi3-mmc drive: 32x/32x xa/form2 tray
Nov  3 17:33:29 tvermeil kernel: [    0.548659] cdrom: Uniform CD-ROM driver Revision: 3.20
Nov  3 17:33:29 tvermeil kernel: [    0.549067] sr 2:0:0:0: Attached scsi CD-ROM sr0
Nov  3 17:33:29 tvermeil kernel: [    0.549180] sr 2:0:0:0: Attached scsi generic sg1 type 5
Nov  3 17:33:29 tvermeil kernel: [    0.573754]  sda: sda1 sda2 sda3 sda4
Nov  3 17:33:29 tvermeil kernel: [    0.574175] sd 0:0:0:0: [sda] Attached SCSI disk
Nov  3 17:33:29 tvermeil kernel: [    0.595846] e1000 0000:00:03.0 eth0: (PCI:33MHz:32-bit) 08:00:27:8b:d4:28
Nov  3 17:33:29 tvermeil kernel: [    0.596588] e1000 0000:00:03.0 eth0: Intel(R) PRO/1000 Network Connection
Nov  3 17:33:29 tvermeil kernel: [    0.946116] e1000 0000:00:08.0 eth1: (PCI:33MHz:32-bit) 08:00:27:cd:bd:ce
Nov  3 17:33:29 tvermeil kernel: [    0.946569] e1000 0000:00:08.0 eth1: Intel(R) PRO/1000 Network Connection
Nov  3 17:33:29 tvermeil kernel: [    0.947862] e1000e: Intel(R) PRO/1000 Network Driver - 3.2.6-k
Nov  3 17:33:29 tvermeil kernel: [    0.948093] e1000e: Copyright(c) 1999 - 2015 Intel Corporation.
Nov  3 17:33:29 tvermeil kernel: [    0.948371] sky2: driver version 1.30
Nov  3 17:33:29 tvermeil kernel: [    0.949067] ehci_hcd: USB 2.0 'Enhanced' Host Controller (EHCI) Driver
Nov  3 17:33:29 tvermeil kernel: [    0.949664] ehci-pci: EHCI PCI platform driver
Nov  3 17:33:29 tvermeil kernel: [    0.950866] ohci_hcd: USB 1.1 'Open' Host Controller (OHCI) Driver
Nov  3 17:33:29 tvermeil kernel: [    0.951087] ohci-pci: OHCI PCI platform driver
Nov  3 17:33:29 tvermeil kernel: [    0.952036] ohci-pci 0000:00:06.0: OHCI PCI host controller
Nov  3 17:33:29 tvermeil kernel: [    0.952634] ohci-pci 0000:00:06.0: new USB bus registered, assigned bus number 1
Nov  3 17:33:29 tvermeil kernel: [    0.953991] ohci-pci 0000:00:06.0: irq 22, io mem 0xf0804000
Nov  3 17:33:29 tvermeil kernel: [    1.006461] usb usb1: New USB device found, idVendor=1d6b, idProduct=0001
Nov  3 17:33:29 tvermeil kernel: [    1.007089] usb usb1: New USB device strings: Mfr=3, Product=2, SerialNumber=1
Nov  3 17:33:29 tvermeil kernel: [    1.008067] usb usb1: Product: OHCI PCI host controller
Nov  3 17:33:29 tvermeil kernel: [    1.008657] usb usb1: Manufacturer: Linux 4.13.0-tvermeil ohci_hcd
Nov  3 17:33:29 tvermeil kernel: [    1.009070] usb usb1: SerialNumber: 0000:00:06.0
Nov  3 17:33:29 tvermeil kernel: [    1.009509] hub 1-0:1.0: USB hub found
Nov  3 17:33:29 tvermeil kernel: [    1.010896] hub 1-0:1.0: 12 ports detected
Nov  3 17:33:29 tvermeil kernel: [    1.011072] uhci_hcd: USB Universal Host Controller Interface driver
Nov  3 17:33:29 tvermeil kernel: [    1.012095] usbcore: registered new interface driver usblp
Nov  3 17:33:29 tvermeil kernel: [    1.012681] usbcore: registered new interface driver usb-storage
Nov  3 17:33:29 tvermeil kernel: [    1.013065] i8042: PNP: PS/2 Controller [PNP0303:PS2K,PNP0f03:PS2M] at 0x60,0x64 irq 1,12
Nov  3 17:33:29 tvermeil kernel: [    1.014065] serio: i8042 KBD port at 0x60,0x64 irq 1
Nov  3 17:33:29 tvermeil kernel: [    1.015553] serio: i8042 AUX port at 0x60,0x64 irq 12
Nov  3 17:33:29 tvermeil kernel: [    1.016125] mousedev: PS/2 mouse device common for all mice
Nov  3 17:33:29 tvermeil kernel: [    1.016981] input: AT Translated Set 2 keyboard as /devices/platform/i8042/serio0/input/input3
Nov  3 17:33:29 tvermeil kernel: [    1.019144] rtc_cmos rtc_cmos: rtc core: registered rtc_cmos as rtc0
Nov  3 17:33:29 tvermeil kernel: [    1.019798] rtc_cmos rtc_cmos: alarms up to one day, 114 bytes nvram
Nov  3 17:33:29 tvermeil kernel: [    1.020065] device-mapper: ioctl: 4.36.0-ioctl (2017-06-09) initialised: dm-devel@redhat.com
Nov  3 17:33:29 tvermeil kernel: [    1.021068] hidraw: raw HID events driver (C) Jiri Kosina
Nov  3 17:33:29 tvermeil kernel: [    1.021733] usbcore: registered new interface driver usbhid
Nov  3 17:33:29 tvermeil kernel: [    1.023145] usbhid: USB HID core driver
Nov  3 17:33:29 tvermeil kernel: [    1.023890] Netfilter messages via NETLINK v0.30.
Nov  3 17:33:29 tvermeil kernel: [    1.024072] nf_conntrack version 0.5.0 (16384 buckets, 65536 max)
Nov  3 17:33:29 tvermeil kernel: [    1.024374] ctnetlink v0.93: registering with nfnetlink.
Nov  3 17:33:29 tvermeil kernel: [    1.025423] ip_tables: (C) 2000-2006 Netfilter Core Team
Nov  3 17:33:29 tvermeil kernel: [    1.026832] kworker/u2:0 (65) used greatest stack depth: 14816 bytes left
Nov  3 17:33:29 tvermeil kernel: [    1.027092] Initializing XFRM netlink socket
Nov  3 17:33:29 tvermeil kernel: [    1.027527] NET: Registered protocol family 10
Nov  3 17:33:29 tvermeil kernel: [    1.029123] Segment Routing with IPv6
Nov  3 17:33:29 tvermeil kernel: [    1.029730] ip6_tables: (C) 2000-2006 Netfilter Core Team
Nov  3 17:33:29 tvermeil kernel: [    1.030073] sit: IPv6, IPv4 and MPLS over IPv4 tunneling driver
Nov  3 17:33:29 tvermeil kernel: [    1.030549] NET: Registered protocol family 17
Nov  3 17:33:29 tvermeil kernel: [    1.031987] Key type dns_resolver registered
Nov  3 17:33:29 tvermeil kernel: [    1.032727] sched_clock: Marking stable (1032653170, 0)->(1145502865, -112849695)
Nov  3 17:33:29 tvermeil kernel: [    1.033678] registered taskstats version 1
Nov  3 17:33:29 tvermeil kernel: [    1.033968]   Magic number: 9:980:589
Nov  3 17:33:29 tvermeil kernel: [    1.034565] console [netcon0] enabled
Nov  3 17:33:29 tvermeil kernel: [    1.035075] netconsole: network logging started
Nov  3 17:33:29 tvermeil kernel: [    1.035675] PM: Hibernation image not present or could not be loaded.
Nov  3 17:33:29 tvermeil kernel: [    1.035676] ALSA device list:
Nov  3 17:33:29 tvermeil kernel: [    1.036914]   No soundcards found.
Nov  3 17:33:29 tvermeil kernel: [    1.225106] input: ImExPS/2 Generic Explorer Mouse as /devices/platform/i8042/serio1/input/input5
Nov  3 17:33:29 tvermeil kernel: [    1.226207] md: Waiting for all devices to be available before autodetect
Nov  3 17:33:29 tvermeil kernel: [    1.226888] md: If you don't use raid, use raid=noautodetect
Nov  3 17:33:29 tvermeil kernel: [    1.227450] md: Autodetecting RAID arrays.
Nov  3 17:33:29 tvermeil kernel: [    1.227731] md: autorun ...
Nov  3 17:33:29 tvermeil kernel: [    1.229353] md: ... autorun DONE.
Nov  3 17:33:29 tvermeil kernel: [    1.231964] EXT4-fs (sda3): couldn't mount as ext3 due to feature incompatibilities
Nov  3 17:33:29 tvermeil kernel: [    1.248069] tsc: Refined TSC clocksource calibration: 2893.406 MHz
Nov  3 17:33:29 tvermeil kernel: [    1.249111] clocksource: tsc: mask: 0xffffffffffffffff max_cycles: 0x29b4ee1aabe, max_idle_ns: 440795265226 ns
Nov  3 17:33:29 tvermeil kernel: [    1.251988] EXT4-fs (sda3): mounted filesystem with ordered data mode. Opts: (null)
Nov  3 17:33:29 tvermeil kernel: [    1.253096] VFS: Mounted root (ext4 filesystem) readonly on device 8:3.
Nov  3 17:33:29 tvermeil kernel: [    1.255559] devtmpfs: mounted
Nov  3 17:33:29 tvermeil kernel: [    1.257340] Freeing unused kernel memory: 1184K
Nov  3 17:33:29 tvermeil kernel: [    1.257972] Write protecting the kernel read-only data: 14336k
Nov  3 17:33:29 tvermeil kernel: [    1.258842] Freeing unused kernel memory: 544K
Nov  3 17:33:29 tvermeil kernel: [    1.261095] Freeing unused kernel memory: 924K
Nov  3 17:33:29 tvermeil kernel: [    1.382080] usb 1-1: new full-speed USB device number 2 using ohci-pci
Nov  3 17:33:29 tvermeil kernel: [    1.529947] rc (74) used greatest stack depth: 14448 bytes left
Nov  3 17:33:29 tvermeil kernel: [    1.577592] wc (75) used greatest stack depth: 13096 bytes left
Nov  3 17:33:29 tvermeil kernel: [    1.592502] usb 1-1: New USB device found, idVendor=80ee, idProduct=0021
Nov  3 17:33:29 tvermeil kernel: [    1.593181] usb 1-1: New USB device strings: Mfr=1, Product=3, SerialNumber=0
Nov  3 17:33:29 tvermeil kernel: [    1.593931] usb 1-1: Product: USB Tablet
Nov  3 17:33:29 tvermeil kernel: [    1.605159] usb 1-1: Manufacturer: VirtualBox
Nov  3 17:33:29 tvermeil kernel: [    1.616588] input: VirtualBox USB Tablet as /devices/pci0000:00/0000:00:06.0/usb1/1-1/1-1:1.0/0003:80EE:0021.0001/input/input6
Nov  3 17:33:29 tvermeil kernel: [    1.618511] hid-generic 0003:80EE:0021.0001: input,hidraw0: USB HID v1.10 Mouse [VirtualBox USB Tablet] on usb-0000:00:06.0-1/input0
Nov  3 17:33:29 tvermeil kernel: [    1.763138] mount (91) used greatest stack depth: 13088 bytes left
Nov  3 17:33:29 tvermeil kernel: [    1.902649] ip (148) used greatest stack depth: 13072 bytes left
Nov  3 17:33:29 tvermeil kernel: <30>[    2.015012] udevd[181]: starting version 3.2.1
Nov  3 17:33:29 tvermeil kernel: <30>[    2.152981] udevd[182]: starting eudev-3.2.1
Nov  3 17:33:29 tvermeil kernel: [    2.245833] e1000 0000:00:03.0 enp0s3: renamed from eth0
Nov  3 17:33:29 tvermeil kernel: [    2.246306] e1000 0000:00:08.0 enp0s8: renamed from eth1
Nov  3 17:33:29 tvermeil kernel: [    2.261431] clocksource: Switched to clocksource tsc
Nov  3 17:33:29 tvermeil kernel: [    2.524103] Adding 1048572k swap on /dev/sda2.  Priority:1 extents:1 across:1048572k 
Nov  3 17:33:29 tvermeil kernel: [    2.618476] EXT4-fs (sda3): re-mounted. Opts: (null)
Nov  3 17:33:29 tvermeil kernel: [    2.701196] random: crng init done
Nov  3 17:33:29 tvermeil kernel: [    2.747211] EXT4-fs (sda3): re-mounted. Opts: (null)
Nov  3 17:33:29 tvermeil kernel: [    3.499795] cat (510) used greatest stack depth: 13016 bytes left
Nov  3 17:33:29 tvermeil kernel: [    3.506306] IPv6: ADDRCONF(NETDEV_UP): enp0s3: link is not ready
Nov  3 17:33:29 tvermeil kernel: [    3.507663] e1000: enp0s3 NIC Link is Up 1000 Mbps Full Duplex, Flow Control: RX
Nov  3 17:33:29 tvermeil kernel: [    3.508905] IPv6: ADDRCONF(NETDEV_CHANGE): enp0s3: link becomes ready
Nov  3 17:33:29 tvermeil kernel: [    3.538267] IPv6: ADDRCONF(NETDEV_UP): enp0s8: link is not ready
Nov  3 17:33:29 tvermeil kernel: [    3.540445] e1000: enp0s8 NIC Link is Up 1000 Mbps Full Duplex, Flow Control: RX
Nov  3 17:33:29 tvermeil kernel: [    3.542130] IPv6: ADDRCONF(NETDEV_CHANGE): enp0s8: link becomes ready
Nov  3 17:34:03 tvermeil kernel: [   38.057243] less (618) used greatest stack depth: 12912 bytes left
Nov  3 17:38:37 tvermeil kernel: [  311.602329] hrtimer: interrupt took 4395402 ns
