Nov 23 20:17:43 tvermeil kernel: klogd 1.5.1, log source = /proc/kmsg started.
Nov 23 20:17:43 tvermeil kernel: Cannot find map file.
Nov 23 20:17:43 tvermeil kernel: Loaded 45501 symbols from 1 module.
Nov 23 20:17:43 tvermeil kernel: [    0.000000] Linux version 4.14.0-next-20171123-tvermeil (root@tvermeil) (gcc version 6.3.0 (GCC)) #3 SMP Thu Nov 23 19:53:28 CET 2017
Nov 23 20:17:43 tvermeil kernel: [    0.000000] Command line: BOOT_IMAGE=/vmlinuz-4.14-next-tvermeil root=/dev/sda3 ro
Nov 23 20:17:43 tvermeil kernel: [    0.000000] x86/fpu: Supporting XSAVE feature 0x001: 'x87 floating point registers'
Nov 23 20:17:43 tvermeil kernel: [    0.000000] x86/fpu: Supporting XSAVE feature 0x002: 'SSE registers'
Nov 23 20:17:43 tvermeil kernel: [    0.000000] x86/fpu: Supporting XSAVE feature 0x004: 'AVX registers'
Nov 23 20:17:43 tvermeil kernel: [    0.000000] x86/fpu: xstate_offset[2]:  576, xstate_sizes[2]:  256
Nov 23 20:17:43 tvermeil kernel: [    0.000000] x86/fpu: Enabled xstate features 0x7, context size is 832 bytes, using 'standard' format.
Nov 23 20:17:43 tvermeil kernel: [    0.000000] e820: BIOS-provided physical RAM map:
Nov 23 20:17:43 tvermeil kernel: [    0.000000] BIOS-e820: [mem 0x0000000000000000-0x000000000009fbff] usable
Nov 23 20:17:43 tvermeil kernel: [    0.000000] BIOS-e820: [mem 0x000000000009fc00-0x000000000009ffff] reserved
Nov 23 20:17:43 tvermeil kernel: [    0.000000] BIOS-e820: [mem 0x00000000000f0000-0x00000000000fffff] reserved
Nov 23 20:17:43 tvermeil kernel: [    0.000000] BIOS-e820: [mem 0x0000000000100000-0x000000007ffeffff] usable
Nov 23 20:17:43 tvermeil kernel: [    0.000000] BIOS-e820: [mem 0x000000007fff0000-0x000000007fffffff] ACPI data
Nov 23 20:17:43 tvermeil kernel: [    0.000000] BIOS-e820: [mem 0x00000000fec00000-0x00000000fec00fff] reserved
Nov 23 20:17:43 tvermeil kernel: [    0.000000] BIOS-e820: [mem 0x00000000fee00000-0x00000000fee00fff] reserved
Nov 23 20:17:43 tvermeil kernel: [    0.000000] BIOS-e820: [mem 0x00000000fffc0000-0x00000000ffffffff] reserved
Nov 23 20:17:43 tvermeil kernel: [    0.000000] NX (Execute Disable) protection: active
Nov 23 20:17:43 tvermeil kernel: [    0.000000] random: fast init done
Nov 23 20:17:43 tvermeil kernel: [    0.000000] SMBIOS 2.5 present.
Nov 23 20:17:43 tvermeil kernel: [    0.000000] DMI: innotek GmbH VirtualBox/VirtualBox, BIOS VirtualBox 12/01/2006
Nov 23 20:17:43 tvermeil kernel: [    0.000000] e820: update [mem 0x00000000-0x00000fff] usable ==> reserved
Nov 23 20:17:43 tvermeil kernel: [    0.000000] e820: remove [mem 0x000a0000-0x000fffff] usable
Nov 23 20:17:43 tvermeil kernel: [    0.000000] e820: last_pfn = 0x7fff0 max_arch_pfn = 0x400000000
Nov 23 20:17:43 tvermeil kernel: [    0.000000] MTRR default type: uncachable
Nov 23 20:17:43 tvermeil kernel: [    0.000000] MTRR variable ranges disabled:
Nov 23 20:17:43 tvermeil kernel: [    0.000000] MTRR: Disabled
Nov 23 20:17:43 tvermeil kernel: [    0.000000] x86/PAT: MTRRs disabled, skipping PAT initialization too.
Nov 23 20:17:43 tvermeil kernel: [    0.000000] CPU MTRRs all blank - virtualized system.
Nov 23 20:17:43 tvermeil kernel: [    0.000000] x86/PAT: Configuration [0-7]: WB  WT  UC- UC  WB  WT  UC- UC  
Nov 23 20:17:43 tvermeil kernel: [    0.000000] found SMP MP-table at [mem 0x0009fff0-0x0009ffff] mapped at [ffffffffff200ff0]
Nov 23 20:17:43 tvermeil kernel: [    0.000000] Scanning 1 areas for low memory corruption
Nov 23 20:17:43 tvermeil kernel: [    0.000000] Base memory trampoline at [ffff880000099000] 99000 size 24576
Nov 23 20:17:43 tvermeil kernel: [    0.000000] BRK [0x02524000, 0x02524fff] PGTABLE
Nov 23 20:17:43 tvermeil kernel: [    0.000000] BRK [0x02525000, 0x02525fff] PGTABLE
Nov 23 20:17:43 tvermeil kernel: [    0.000000] BRK [0x02526000, 0x02526fff] PGTABLE
Nov 23 20:17:43 tvermeil kernel: [    0.000000] BRK [0x02527000, 0x02527fff] PGTABLE
Nov 23 20:17:43 tvermeil kernel: [    0.000000] BRK [0x02528000, 0x02528fff] PGTABLE
Nov 23 20:17:43 tvermeil kernel: [    0.000000] ACPI: Early table checksum verification disabled
Nov 23 20:17:43 tvermeil kernel: [    0.000000] ACPI: RSDP 0x00000000000E0000 000024 (v02 VBOX  )
Nov 23 20:17:43 tvermeil kernel: [    0.000000] ACPI: XSDT 0x000000007FFF0030 00003C (v01 VBOX   VBOXXSDT 00000001 ASL  00000061)
Nov 23 20:17:43 tvermeil kernel: [    0.000000] ACPI: FACP 0x000000007FFF00F0 0000F4 (v04 VBOX   VBOXFACP 00000001 ASL  00000061)
Nov 23 20:17:43 tvermeil kernel: [    0.000000] ACPI: DSDT 0x000000007FFF0470 0021FF (v02 VBOX   VBOXBIOS 00000002 INTL 20100528)
Nov 23 20:17:43 tvermeil kernel: [    0.000000] ACPI: FACS 0x000000007FFF0200 000040
Nov 23 20:17:43 tvermeil kernel: [    0.000000] ACPI: FACS 0x000000007FFF0200 000040
Nov 23 20:17:43 tvermeil kernel: [    0.000000] ACPI: APIC 0x000000007FFF0240 000054 (v02 VBOX   VBOXAPIC 00000001 ASL  00000061)
Nov 23 20:17:43 tvermeil kernel: [    0.000000] ACPI: SSDT 0x000000007FFF02A0 0001CC (v01 VBOX   VBOXCPUT 00000002 INTL 20100528)
Nov 23 20:17:43 tvermeil kernel: [    0.000000] ACPI: Local APIC address 0xfee00000
Nov 23 20:17:43 tvermeil kernel: [    0.000000] No NUMA configuration found
Nov 23 20:17:43 tvermeil kernel: [    0.000000] Faking a node at [mem 0x0000000000000000-0x000000007ffeffff]
Nov 23 20:17:43 tvermeil kernel: [    0.000000] NODE_DATA(0) allocated [mem 0x7ffec000-0x7ffeffff]
Nov 23 20:17:43 tvermeil kernel: [    0.000000] tsc: Fast TSC calibration failed
Nov 23 20:17:43 tvermeil kernel: [    0.000000] tsc: Unable to calibrate against PIT
Nov 23 20:17:43 tvermeil kernel: [    0.000000] tsc: No reference (HPET/PMTIMER) available
Nov 23 20:17:43 tvermeil kernel: [    0.000000] Zone ranges:
Nov 23 20:17:43 tvermeil kernel: [    0.000000]   DMA      [mem 0x0000000000001000-0x0000000000ffffff]
Nov 23 20:17:43 tvermeil kernel: [    0.000000]   DMA32    [mem 0x0000000001000000-0x000000007ffeffff]
Nov 23 20:17:43 tvermeil kernel: [    0.000000]   Normal   empty
Nov 23 20:17:43 tvermeil kernel: [    0.000000] Movable zone start for each node
Nov 23 20:17:43 tvermeil kernel: [    0.000000] Early memory node ranges
Nov 23 20:17:43 tvermeil kernel: [    0.000000]   node   0: [mem 0x0000000000001000-0x000000000009efff]
Nov 23 20:17:43 tvermeil kernel: [    0.000000]   node   0: [mem 0x0000000000100000-0x000000007ffeffff]
Nov 23 20:17:43 tvermeil kernel: [    0.000000] Initmem setup node 0 [mem 0x0000000000001000-0x000000007ffeffff]
Nov 23 20:17:43 tvermeil kernel: [    0.000000] On node 0 totalpages: 524174
Nov 23 20:17:43 tvermeil kernel: [    0.000000]   DMA zone: 64 pages used for memmap
Nov 23 20:17:43 tvermeil kernel: [    0.000000]   DMA zone: 21 pages reserved
Nov 23 20:17:43 tvermeil kernel: [    0.000000]   DMA zone: 3998 pages, LIFO batch:0
Nov 23 20:17:43 tvermeil kernel: [    0.000000]   DMA32 zone: 8128 pages used for memmap
Nov 23 20:17:43 tvermeil kernel: [    0.000000]   DMA32 zone: 520176 pages, LIFO batch:31
Nov 23 20:17:43 tvermeil kernel: [    0.000000] Reserved but unavailable: 98 pages
Nov 23 20:17:43 tvermeil kernel: [    0.000000] ACPI: PM-Timer IO Port: 0x4008
Nov 23 20:17:43 tvermeil kernel: [    0.000000] ACPI: Local APIC address 0xfee00000
Nov 23 20:17:43 tvermeil kernel: [    0.000000] IOAPIC[0]: apic_id 1, version 32, address 0xfec00000, GSI 0-23
Nov 23 20:17:43 tvermeil kernel: [    0.000000] ACPI: INT_SRC_OVR (bus 0 bus_irq 0 global_irq 2 dfl dfl)
Nov 23 20:17:43 tvermeil kernel: [    0.000000] ACPI: INT_SRC_OVR (bus 0 bus_irq 9 global_irq 9 low level)
Nov 23 20:17:43 tvermeil kernel: [    0.000000] ACPI: IRQ0 used by override.
Nov 23 20:17:43 tvermeil kernel: [    0.000000] ACPI: IRQ9 used by override.
Nov 23 20:17:43 tvermeil kernel: [    0.000000] Using ACPI (MADT) for SMP configuration information
Nov 23 20:17:43 tvermeil kernel: [    0.000000] smpboot: Allowing 1 CPUs, 0 hotplug CPUs
Nov 23 20:17:43 tvermeil kernel: [    0.000000] PM: Registered nosave memory: [mem 0x00000000-0x00000fff]
Nov 23 20:17:43 tvermeil kernel: [    0.000000] PM: Registered nosave memory: [mem 0x0009f000-0x0009ffff]
Nov 23 20:17:43 tvermeil kernel: [    0.000000] PM: Registered nosave memory: [mem 0x000a0000-0x000effff]
Nov 23 20:17:43 tvermeil kernel: [    0.000000] PM: Registered nosave memory: [mem 0x000f0000-0x000fffff]
Nov 23 20:17:43 tvermeil kernel: [    0.000000] e820: [mem 0x80000000-0xfebfffff] available for PCI devices
Nov 23 20:17:43 tvermeil kernel: [    0.000000] clocksource: refined-jiffies: mask: 0xffffffff max_cycles: 0xffffffff, max_idle_ns: 1910969940391419 ns
Nov 23 20:17:43 tvermeil kernel: [    0.000000] setup_percpu: NR_CPUS:64 nr_cpumask_bits:64 nr_cpu_ids:1 nr_node_ids:1
Nov 23 20:17:43 tvermeil kernel: [    0.000000] percpu: Embedded 37 pages/cpu @ffff88007fc00000 s110936 r8192 d32424 u2097152
Nov 23 20:17:43 tvermeil kernel: [    0.000000] pcpu-alloc: s110936 r8192 d32424 u2097152 alloc=1*2097152
Nov 23 20:17:43 tvermeil kernel: [    0.000000] pcpu-alloc: [0] 0 
Nov 23 20:17:43 tvermeil kernel: [    0.000000] Built 1 zonelists, mobility grouping on.  Total pages: 515961
Nov 23 20:17:43 tvermeil kernel: [    0.000000] Policy zone: DMA32
Nov 23 20:17:43 tvermeil kernel: [    0.000000] Kernel command line: BOOT_IMAGE=/vmlinuz-4.14-next-tvermeil root=/dev/sda3 ro
Nov 23 20:17:43 tvermeil kernel: [    0.000000] Calgary: detecting Calgary via BIOS EBDA area
Nov 23 20:17:43 tvermeil kernel: [    0.000000] Calgary: Unable to locate Rio Grande table in EBDA - bailing!
Nov 23 20:17:43 tvermeil kernel: [    0.000000] Memory: 2041948K/2096696K available (9500K kernel code, 1408K rwdata, 3128K rodata, 1172K init, 664K bss, 54748K reserved, 0K cma-reserved)
Nov 23 20:17:43 tvermeil kernel: [    0.000000] SLUB: HWalign=64, Order=0-3, MinObjects=0, CPUs=1, Nodes=1
Nov 23 20:17:43 tvermeil kernel: [    0.000000] Hierarchical RCU implementation.
Nov 23 20:17:43 tvermeil kernel: [    0.000000] ^IRCU restricting CPUs from NR_CPUS=64 to nr_cpu_ids=1.
Nov 23 20:17:43 tvermeil kernel: [    0.000000] RCU: Adjusting geometry for rcu_fanout_leaf=16, nr_cpu_ids=1
Nov 23 20:17:43 tvermeil kernel: [    0.000000] NR_IRQS: 4352, nr_irqs: 256, preallocated irqs: 16
Nov 23 20:17:43 tvermeil kernel: [    0.000000] Console: colour VGA+ 80x25
Nov 23 20:17:43 tvermeil kernel: [    0.000000] console [tty0] enabled
Nov 23 20:17:43 tvermeil kernel: [    0.000000] ACPI: Core revision 20170831
Nov 23 20:17:43 tvermeil kernel: [    0.000000] ACPI: 2 ACPI AML tables successfully acquired and loaded
Nov 23 20:17:43 tvermeil kernel: [    0.000000] APIC: Switch to symmetric I/O mode setup
Nov 23 20:17:43 tvermeil kernel: [    0.000000] ..TIMER: vector=0x30 apic1=0 pin1=2 apic2=-1 pin2=-1
Nov 23 20:17:43 tvermeil kernel: [    0.006000] tsc: Fast TSC calibration failed
Nov 23 20:17:43 tvermeil kernel: [    0.010000] tsc: Unable to calibrate against PIT
Nov 23 20:17:43 tvermeil kernel: [    0.010000] tsc: using PMTIMER reference calibration
Nov 23 20:17:43 tvermeil kernel: [    0.010000] tsc: Detected 2893.390 MHz processor
Nov 23 20:17:43 tvermeil kernel: [    0.011000] Calibrating delay loop (skipped), value calculated using timer frequency.. 5786.78 BogoMIPS (lpj=2893390)
Nov 23 20:17:43 tvermeil kernel: [    0.011000] pid_max: default: 32768 minimum: 301
Nov 23 20:17:43 tvermeil kernel: [    0.011000] Security Framework initialized
Nov 23 20:17:43 tvermeil kernel: [    0.012453] Dentry cache hash table entries: 262144 (order: 9, 2097152 bytes)
Nov 23 20:17:43 tvermeil kernel: [    0.016010] Inode-cache hash table entries: 131072 (order: 8, 1048576 bytes)
Nov 23 20:17:43 tvermeil kernel: [    0.016547] Mount-cache hash table entries: 4096 (order: 3, 32768 bytes)
Nov 23 20:17:43 tvermeil kernel: [    0.018045] Mountpoint-cache hash table entries: 4096 (order: 3, 32768 bytes)
Nov 23 20:17:43 tvermeil kernel: [    0.019226] CPU: Physical Processor ID: 0
Nov 23 20:17:43 tvermeil kernel: [    0.019641] mce: CPU supports 0 MCE banks
Nov 23 20:17:43 tvermeil kernel: [    0.020056] process: using mwait in idle threads
Nov 23 20:17:43 tvermeil kernel: [    0.021007] Last level iTLB entries: 4KB 512, 2MB 8, 4MB 8
Nov 23 20:17:43 tvermeil kernel: [    0.021505] Last level dTLB entries: 4KB 512, 2MB 32, 4MB 32, 1GB 0
Nov 23 20:17:43 tvermeil kernel: [    0.034651] Freeing SMP alternatives memory: 36K
Nov 23 20:17:43 tvermeil kernel: [    0.035347] smpboot: Max logical packages: 1
Nov 23 20:17:43 tvermeil kernel: [    0.036000] APIC calibration not consistent with PM-Timer: 102ms instead of 100ms
Nov 23 20:17:43 tvermeil kernel: [    0.036000] APIC delta adjusted to PM-Timer: 6246090 (6382719)
Nov 23 20:17:43 tvermeil kernel: [    0.036098] smpboot: CPU0: Intel(R) Core(TM) i5-3470S CPU @ 2.90GHz (family: 0x6, model: 0x3a, stepping: 0x9)
Nov 23 20:17:43 tvermeil kernel: [    0.036699] Performance Events: unsupported p6 CPU model 58 no PMU driver, software events only.
Nov 23 20:17:43 tvermeil kernel: [    0.037040] Hierarchical SRCU implementation.
Nov 23 20:17:43 tvermeil kernel: [    0.037976] smp: Bringing up secondary CPUs ...
Nov 23 20:17:43 tvermeil kernel: [    0.038002] smp: Brought up 1 node, 1 CPU
Nov 23 20:17:43 tvermeil kernel: [    0.038298] smpboot: Total of 1 processors activated (5786.78 BogoMIPS)
Nov 23 20:17:43 tvermeil kernel: [    0.038789] devtmpfs: initialized
Nov 23 20:17:43 tvermeil kernel: [    0.039141] clocksource: jiffies: mask: 0xffffffff max_cycles: 0xffffffff, max_idle_ns: 1911260446275000 ns
Nov 23 20:17:43 tvermeil kernel: [    0.039654] futex hash table entries: 256 (order: 2, 16384 bytes)
Nov 23 20:17:43 tvermeil kernel: [    0.040000] RTC time: 19:17:39, date: 11/23/17
Nov 23 20:17:43 tvermeil kernel: [    0.040257] NET: Registered protocol family 16
Nov 23 20:17:43 tvermeil kernel: [    0.040610] audit: initializing netlink subsys (disabled)
Nov 23 20:17:43 tvermeil kernel: [    0.042041] cpuidle: using governor menu
Nov 23 20:17:43 tvermeil kernel: [    0.042392] ACPI: bus type PCI registered
Nov 23 20:17:43 tvermeil kernel: [    0.043382] PCI: Using configuration type 1 for base access
Nov 23 20:17:43 tvermeil kernel: [    0.043782] audit: type=2000 audit(1511464659.041:1): state=initialized audit_enabled=0 res=1
Nov 23 20:17:43 tvermeil kernel: [    0.046300] HugeTLB registered 2.00 MiB page size, pre-allocated 0 pages
Nov 23 20:17:43 tvermeil kernel: [    0.047085] ACPI: Added _OSI(Module Device)
Nov 23 20:17:43 tvermeil kernel: [    0.047398] ACPI: Added _OSI(Processor Device)
Nov 23 20:17:43 tvermeil kernel: [    0.047796] ACPI: Added _OSI(3.0 _SCP Extensions)
Nov 23 20:17:43 tvermeil kernel: [    0.048000] ACPI: Added _OSI(Processor Aggregator Device)
Nov 23 20:17:43 tvermeil kernel: [    0.048611] ACPI: Executed 1 blocks of module-level executable AML code
Nov 23 20:17:43 tvermeil kernel: [    0.051879] ACPI: Interpreter enabled
Nov 23 20:17:43 tvermeil kernel: [    0.052016] ACPI: (supports S0 S5)
Nov 23 20:17:43 tvermeil kernel: [    0.052301] ACPI: Using IOAPIC for interrupt routing
Nov 23 20:17:43 tvermeil kernel: [    0.052737] PCI: Using host bridge windows from ACPI; if necessary, use "pci=nocrs" and report a bug
Nov 23 20:17:43 tvermeil kernel: [    0.053116] ACPI: Enabled 2 GPEs in block 00 to 07
Nov 23 20:17:43 tvermeil kernel: [    0.058362] ACPI: PCI Root Bridge [PCI0] (domain 0000 [bus 00-ff])
Nov 23 20:17:43 tvermeil kernel: [    0.058757] acpi PNP0A03:00: _OSC: OS supports [ASPM ClockPM Segments MSI]
Nov 23 20:17:43 tvermeil kernel: [    0.059005] acpi PNP0A03:00: _OSC: not requesting OS control; OS requires [ExtendedConfig ASPM ClockPM MSI]
Nov 23 20:17:43 tvermeil kernel: [    0.059525] acpi PNP0A03:00: fail to add MMCONFIG information, can't access extended PCI configuration space under this bridge.
Nov 23 20:17:43 tvermeil kernel: [    0.060000] PCI host bridge to bus 0000:00
Nov 23 20:17:43 tvermeil kernel: [    0.060251] pci_bus 0000:00: root bus resource [io  0x0000-0x0cf7 window]
Nov 23 20:17:43 tvermeil kernel: [    0.060628] pci_bus 0000:00: root bus resource [io  0x0d00-0xffff window]
Nov 23 20:17:43 tvermeil kernel: [    0.061005] pci_bus 0000:00: root bus resource [mem 0x000a0000-0x000bffff window]
Nov 23 20:17:43 tvermeil kernel: [    0.062061] pci_bus 0000:00: root bus resource [mem 0x80000000-0xfdffffff window]
Nov 23 20:17:43 tvermeil kernel: [    0.063003] pci_bus 0000:00: root bus resource [bus 00-ff]
Nov 23 20:17:43 tvermeil kernel: [    0.063393] pci 0000:00:00.0: [8086:1237] type 00 class 0x060000
Nov 23 20:17:43 tvermeil kernel: [    0.064119] pci 0000:00:01.0: [8086:7000] type 00 class 0x060100
Nov 23 20:17:43 tvermeil kernel: [    0.064794] pci 0000:00:01.1: [8086:7111] type 00 class 0x01018a
Nov 23 20:17:43 tvermeil kernel: [    0.065221] pci 0000:00:01.1: reg 0x20: [io  0xd000-0xd00f]
Nov 23 20:17:43 tvermeil kernel: [    0.065390] pci 0000:00:01.1: legacy IDE quirk: reg 0x10: [io  0x01f0-0x01f7]
Nov 23 20:17:43 tvermeil kernel: [    0.065768] pci 0000:00:01.1: legacy IDE quirk: reg 0x14: [io  0x03f6]
Nov 23 20:17:43 tvermeil kernel: [    0.066003] pci 0000:00:01.1: legacy IDE quirk: reg 0x18: [io  0x0170-0x0177]
Nov 23 20:17:43 tvermeil kernel: [    0.066387] pci 0000:00:01.1: legacy IDE quirk: reg 0x1c: [io  0x0376]
Nov 23 20:17:43 tvermeil kernel: [    0.067188] pci 0000:00:02.0: [80ee:beef] type 00 class 0x030000
Nov 23 20:17:43 tvermeil kernel: [    0.068418] pci 0000:00:02.0: reg 0x10: [mem 0xe0000000-0xe1ffffff pref]
Nov 23 20:17:43 tvermeil kernel: [    0.081132] pci 0000:00:03.0: [8086:100e] type 00 class 0x020000
Nov 23 20:17:43 tvermeil kernel: [    0.082127] pci 0000:00:03.0: reg 0x10: [mem 0xf0000000-0xf001ffff]
Nov 23 20:17:43 tvermeil kernel: [    0.084099] pci 0000:00:03.0: reg 0x18: [io  0xd010-0xd017]
Nov 23 20:17:43 tvermeil kernel: [    0.088298] pci 0000:00:04.0: [80ee:cafe] type 00 class 0x088000
Nov 23 20:17:43 tvermeil kernel: [    0.089093] pci 0000:00:04.0: reg 0x10: [io  0xd020-0xd03f]
Nov 23 20:17:43 tvermeil kernel: [    0.089885] pci 0000:00:04.0: reg 0x14: [mem 0xf0400000-0xf07fffff]
Nov 23 20:17:43 tvermeil kernel: [    0.092085] pci 0000:00:04.0: reg 0x18: [mem 0xf0800000-0xf0803fff pref]
Nov 23 20:17:43 tvermeil kernel: [    0.098244] pci 0000:00:05.0: [8086:2415] type 00 class 0x040100
Nov 23 20:17:43 tvermeil kernel: [    0.098382] pci 0000:00:05.0: reg 0x10: [io  0xd100-0xd1ff]
Nov 23 20:17:43 tvermeil kernel: [    0.098453] pci 0000:00:05.0: reg 0x14: [io  0xd200-0xd23f]
Nov 23 20:17:43 tvermeil kernel: [    0.099073] pci 0000:00:06.0: [106b:003f] type 00 class 0x0c0310
Nov 23 20:17:43 tvermeil kernel: [    0.100091] pci 0000:00:06.0: reg 0x10: [mem 0xf0804000-0xf0804fff]
Nov 23 20:17:43 tvermeil kernel: [    0.105490] pci 0000:00:07.0: [8086:7113] type 00 class 0x068000
Nov 23 20:17:43 tvermeil kernel: [    0.105871] pci 0000:00:07.0: quirk: [io  0x4000-0x403f] claimed by PIIX4 ACPI
Nov 23 20:17:43 tvermeil kernel: [    0.106015] pci 0000:00:07.0: quirk: [io  0x4100-0x410f] claimed by PIIX4 SMB
Nov 23 20:17:43 tvermeil kernel: [    0.109262] pci 0000:00:08.0: [8086:100e] type 00 class 0x020000
Nov 23 20:17:43 tvermeil kernel: [    0.113705] pci 0000:00:08.0: reg 0x10: [mem 0xf0820000-0xf083ffff]
Nov 23 20:17:43 tvermeil kernel: [    0.117273] pci 0000:00:08.0: reg 0x18: [io  0xd240-0xd247]
Nov 23 20:17:43 tvermeil kernel: [    0.123618] pci 0000:00:0b.0: [8086:265c] type 00 class 0x0c0320
Nov 23 20:17:43 tvermeil kernel: [    0.124533] pci 0000:00:0b.0: reg 0x10: [mem 0xf0840000-0xf0840fff]
Nov 23 20:17:43 tvermeil kernel: [    0.131301] pci 0000:00:0d.0: [8086:2829] type 00 class 0x010601
Nov 23 20:17:43 tvermeil kernel: [    0.132185] pci 0000:00:0d.0: reg 0x10: [io  0xd248-0xd24f]
Nov 23 20:17:43 tvermeil kernel: [    0.133136] pci 0000:00:0d.0: reg 0x14: [io  0xd250-0xd253]
Nov 23 20:17:43 tvermeil kernel: [    0.134029] pci 0000:00:0d.0: reg 0x18: [io  0xd258-0xd25f]
Nov 23 20:17:43 tvermeil kernel: [    0.134851] pci 0000:00:0d.0: reg 0x1c: [io  0xd260-0xd263]
Nov 23 20:17:43 tvermeil kernel: [    0.135488] pci 0000:00:0d.0: reg 0x20: [io  0xd270-0xd27f]
Nov 23 20:17:43 tvermeil kernel: [    0.136753] pci 0000:00:0d.0: reg 0x24: [mem 0xf0842000-0xf0843fff]
Nov 23 20:17:43 tvermeil kernel: [    0.139669] ACPI: PCI Interrupt Link [LNKA] (IRQs 5 9 10 *11)
Nov 23 20:17:43 tvermeil kernel: [    0.140176] ACPI: PCI Interrupt Link [LNKB] (IRQs 5 9 *10 11)
Nov 23 20:17:43 tvermeil kernel: [    0.140804] ACPI: PCI Interrupt Link [LNKC] (IRQs 5 *9 10 11)
Nov 23 20:17:43 tvermeil kernel: [    0.141000] ACPI: PCI Interrupt Link [LNKD] (IRQs 5 9 10 *11)
Nov 23 20:17:43 tvermeil kernel: [    0.141826] pci 0000:00:02.0: vgaarb: setting as boot VGA device
Nov 23 20:17:43 tvermeil kernel: [    0.142000] pci 0000:00:02.0: vgaarb: VGA device added: decodes=io+mem,owns=io+mem,locks=none
Nov 23 20:17:43 tvermeil kernel: [    0.142006] pci 0000:00:02.0: vgaarb: bridge control possible
Nov 23 20:17:43 tvermeil kernel: [    0.142347] vgaarb: loaded
Nov 23 20:17:43 tvermeil kernel: [    0.142685] SCSI subsystem initialized
Nov 23 20:17:43 tvermeil kernel: [    0.143057] libata version 3.00 loaded.
Nov 23 20:17:43 tvermeil kernel: [    0.143082] ACPI: bus type USB registered
Nov 23 20:17:43 tvermeil kernel: [    0.143408] usbcore: registered new interface driver usbfs
Nov 23 20:17:43 tvermeil kernel: [    0.143748] usbcore: registered new interface driver hub
Nov 23 20:17:43 tvermeil kernel: [    0.144152] usbcore: registered new device driver usb
Nov 23 20:17:43 tvermeil kernel: [    0.145018] pps_core: LinuxPPS API ver. 1 registered
Nov 23 20:17:43 tvermeil kernel: [    0.145341] pps_core: Software ver. 5.3.6 - Copyright 2005-2007 Rodolfo Giometti <giometti@linux.it>
Nov 23 20:17:43 tvermeil kernel: [    0.145805] PTP clock support registered
Nov 23 20:17:43 tvermeil kernel: [    0.146019] EDAC MC: Ver: 3.0.0
Nov 23 20:17:43 tvermeil kernel: [    0.146573] Advanced Linux Sound Architecture Driver Initialized.
Nov 23 20:17:43 tvermeil kernel: [    0.146921] PCI: Using ACPI for IRQ routing
Nov 23 20:17:43 tvermeil kernel: [    0.147002] PCI: pci_cache_line_size set to 64 bytes
Nov 23 20:17:43 tvermeil kernel: [    0.147191] e820: reserve RAM buffer [mem 0x0009fc00-0x0009ffff]
Nov 23 20:17:43 tvermeil kernel: [    0.147196] e820: reserve RAM buffer [mem 0x7fff0000-0x7fffffff]
Nov 23 20:17:43 tvermeil kernel: [    0.147276] NetLabel: Initializing
Nov 23 20:17:43 tvermeil kernel: [    0.147550] NetLabel:  domain hash size = 128
Nov 23 20:17:43 tvermeil kernel: [    0.148035] NetLabel:  protocols = UNLABELED CIPSOv4 CALIPSO
Nov 23 20:17:43 tvermeil kernel: [    0.149016] NetLabel:  unlabeled traffic allowed by default
Nov 23 20:17:43 tvermeil kernel: [    0.149398] clocksource: Switched to clocksource refined-jiffies
Nov 23 20:17:43 tvermeil kernel: [    0.161474] VFS: Disk quotas dquot_6.6.0
Nov 23 20:17:43 tvermeil kernel: [    0.161802] VFS: Dquot-cache hash table entries: 512 (order 0, 4096 bytes)
Nov 23 20:17:43 tvermeil kernel: [    0.162005] pnp: PnP ACPI init
Nov 23 20:17:43 tvermeil kernel: [    0.162340] pnp 00:00: Plug and Play ACPI device, IDs PNP0303 (active)
Nov 23 20:17:43 tvermeil kernel: [    0.162393] pnp 00:01: Plug and Play ACPI device, IDs PNP0f03 (active)
Nov 23 20:17:43 tvermeil kernel: [    0.163056] pnp: PnP ACPI: found 2 devices
Nov 23 20:17:43 tvermeil kernel: [    0.168203] clocksource: acpi_pm: mask: 0xffffff max_cycles: 0xffffff, max_idle_ns: 2085701024 ns
Nov 23 20:17:43 tvermeil kernel: [    0.169016] clocksource: Switched to clocksource acpi_pm
Nov 23 20:17:43 tvermeil kernel: [    0.169963] pci_bus 0000:00: resource 4 [io  0x0000-0x0cf7 window]
Nov 23 20:17:43 tvermeil kernel: [    0.169964] pci_bus 0000:00: resource 5 [io  0x0d00-0xffff window]
Nov 23 20:17:43 tvermeil kernel: [    0.169966] pci_bus 0000:00: resource 6 [mem 0x000a0000-0x000bffff window]
Nov 23 20:17:43 tvermeil kernel: [    0.169967] pci_bus 0000:00: resource 7 [mem 0x80000000-0xfdffffff window]
Nov 23 20:17:43 tvermeil kernel: [    0.170007] NET: Registered protocol family 2
Nov 23 20:17:43 tvermeil kernel: [    0.170985] TCP established hash table entries: 16384 (order: 5, 131072 bytes)
Nov 23 20:17:43 tvermeil kernel: [    0.172848] TCP bind hash table entries: 16384 (order: 6, 262144 bytes)
Nov 23 20:17:43 tvermeil kernel: [    0.173521] TCP: Hash tables configured (established 16384 bind 16384)
Nov 23 20:17:43 tvermeil kernel: [    0.174093] UDP hash table entries: 1024 (order: 3, 32768 bytes)
Nov 23 20:17:43 tvermeil kernel: [    0.174465] UDP-Lite hash table entries: 1024 (order: 3, 32768 bytes)
Nov 23 20:17:43 tvermeil kernel: [    0.174875] NET: Registered protocol family 1
Nov 23 20:17:43 tvermeil kernel: [    0.175120] RPC: Registered named UNIX socket transport module.
Nov 23 20:17:43 tvermeil kernel: [    0.175489] RPC: Registered udp transport module.
Nov 23 20:17:43 tvermeil kernel: [    0.175801] RPC: Registered tcp transport module.
Nov 23 20:17:43 tvermeil kernel: [    0.176292] RPC: Registered tcp NFSv4.1 backchannel transport module.
Nov 23 20:17:43 tvermeil kernel: [    0.176748] pci 0000:00:00.0: Limiting direct PCI/PCI transfers
Nov 23 20:17:43 tvermeil kernel: [    0.177109] pci 0000:00:01.0: Activating ISA DMA hang workarounds
Nov 23 20:17:43 tvermeil kernel: [    0.177507] pci 0000:00:02.0: Video device with shadowed ROM at [mem 0x000c0000-0x000dffff]
Nov 23 20:17:43 tvermeil kernel: [    0.179468] PCI: CLS 0 bytes, default 64
Nov 23 20:17:43 tvermeil kernel: [    0.179616] RAPL PMU: API unit is 2^-32 Joules, 3 fixed counters, 10737418240 ms ovfl timer
Nov 23 20:17:43 tvermeil kernel: [    0.180085] RAPL PMU: hw unit of domain pp0-core 2^-0 Joules
Nov 23 20:17:43 tvermeil kernel: [    0.180424] RAPL PMU: hw unit of domain package 2^-0 Joules
Nov 23 20:17:43 tvermeil kernel: [    0.180757] RAPL PMU: hw unit of domain pp1-gpu 2^-0 Joules
Nov 23 20:17:43 tvermeil kernel: [    0.181113] platform rtc_cmos: registered platform RTC device (no PNP device found)
Nov 23 20:17:43 tvermeil kernel: [    0.181616] Scanning for low memory corruption every 60 seconds
Nov 23 20:17:43 tvermeil kernel: [    0.182078] Initialise system trusted keyrings
Nov 23 20:17:43 tvermeil kernel: [    0.183207] workingset: timestamp_bits=56 max_order=19 bucket_order=0
Nov 23 20:17:43 tvermeil kernel: [    0.184470] NFS: Registering the id_resolver key type
Nov 23 20:17:43 tvermeil kernel: [    0.188542] Key type id_resolver registered
Nov 23 20:17:43 tvermeil kernel: [    0.189824] Key type id_legacy registered
Nov 23 20:17:43 tvermeil kernel: [    0.190418] cryptomgr_test (29) used greatest stack depth: 15528 bytes left
Nov 23 20:17:43 tvermeil kernel: [    0.190904] cryptomgr_test (31) used greatest stack depth: 15352 bytes left
Nov 23 20:17:43 tvermeil kernel: [    0.191966] Key type asymmetric registered
Nov 23 20:17:43 tvermeil kernel: [    0.192337] Asymmetric key parser 'x509' registered
Nov 23 20:17:43 tvermeil kernel: [    0.192707] Block layer SCSI generic (bsg) driver version 0.4 loaded (major 250)
Nov 23 20:17:43 tvermeil kernel: [    0.193075] io scheduler noop registered
Nov 23 20:17:43 tvermeil kernel: [    0.193417] io scheduler deadline registered
Nov 23 20:17:43 tvermeil kernel: [    0.193758] io scheduler cfq registered (default)
Nov 23 20:17:43 tvermeil kernel: [    0.194087] io scheduler mq-deadline registered
Nov 23 20:17:43 tvermeil kernel: [    0.194494] io scheduler kyber registered
Nov 23 20:17:43 tvermeil kernel: [    0.195090] ACPI: AC Adapter [AC] (on-line)
Nov 23 20:17:43 tvermeil kernel: [    0.195439] input: Power Button as /devices/LNXSYSTM:00/LNXPWRBN:00/input/input0
Nov 23 20:17:43 tvermeil kernel: [    0.195906] ACPI: Power Button [PWRF]
Nov 23 20:17:43 tvermeil kernel: [    0.196111] input: Sleep Button as /devices/LNXSYSTM:00/LNXSLPBN:00/input/input1
Nov 23 20:17:43 tvermeil kernel: [    0.196566] ACPI: Sleep Button [SLPF]
Nov 23 20:17:43 tvermeil kernel: [    0.196920] ACPI: Video Device [GFX0] (multi-head: yes  rom: no  post: no)
Nov 23 20:17:43 tvermeil kernel: [    0.197426] input: Video Bus as /devices/LNXSYSTM:00/LNXSYBUS:00/PNP0A03:00/LNXVIDEO:00/input/input2
Nov 23 20:17:43 tvermeil kernel: [    0.198006] Serial: 8250/16550 driver, 4 ports, IRQ sharing enabled
Nov 23 20:17:43 tvermeil kernel: [    0.198616] Non-volatile memory driver v1.3
Nov 23 20:17:43 tvermeil kernel: [    0.198932] Linux agpgart interface v0.103
Nov 23 20:17:43 tvermeil kernel: [    0.200219] loop: module loaded
Nov 23 20:17:43 tvermeil kernel: [    0.201152] ahci 0000:00:0d.0: version 3.0
Nov 23 20:17:43 tvermeil kernel: [    0.202571] ahci 0000:00:0d.0: SSS flag set, parallel bus scan disabled
Nov 23 20:17:43 tvermeil kernel: [    0.203571] ahci 0000:00:0d.0: AHCI 0001.0100 32 slots 1 ports 3 Gbps 0x1 impl SATA mode
Nov 23 20:17:43 tvermeil kernel: [    0.204077] ahci 0000:00:0d.0: flags: 64bit ncq stag only ccc 
Nov 23 20:17:43 tvermeil kernel: [    0.204635] scsi host0: ahci
Nov 23 20:17:43 tvermeil kernel: [    0.204980] ata1: SATA max UDMA/133 abar m8192@0xf0842000 port 0xf0842100 irq 21
Nov 23 20:17:43 tvermeil kernel: [    0.205540] ata_piix 0000:00:01.1: version 2.13
Nov 23 20:17:43 tvermeil kernel: [    0.205903] scsi host1: ata_piix
Nov 23 20:17:43 tvermeil kernel: [    0.206447] scsi host2: ata_piix
Nov 23 20:17:43 tvermeil kernel: [    0.206872] ata2: PATA max UDMA/33 cmd 0x1f0 ctl 0x3f6 bmdma 0xd000 irq 14
Nov 23 20:17:43 tvermeil kernel: [    0.207328] ata3: PATA max UDMA/33 cmd 0x170 ctl 0x376 bmdma 0xd008 irq 15
Nov 23 20:17:43 tvermeil kernel: [    0.207841] e100: Intel(R) PRO/100 Network Driver, 3.5.24-k2-NAPI
Nov 23 20:17:43 tvermeil kernel: [    0.208080] e100: Copyright(c) 1999-2006 Intel Corporation
Nov 23 20:17:43 tvermeil kernel: [    0.208304] e1000: Intel(R) PRO/1000 Network Driver - version 7.3.21-k8-NAPI
Nov 23 20:17:43 tvermeil kernel: [    0.208690] e1000: Copyright (c) 1999-2006 Intel Corporation.
Nov 23 20:17:43 tvermeil kernel: [    0.372467] ata3.00: ATAPI: VBOX CD-ROM, 1.0, max UDMA/133
Nov 23 20:17:43 tvermeil kernel: [    0.373112] ata3.00: configured for UDMA/33
Nov 23 20:17:43 tvermeil kernel: [    0.521618] ata1: SATA link up 3.0 Gbps (SStatus 123 SControl 300)
Nov 23 20:17:43 tvermeil kernel: [    0.522217] ata1.00: ATA-6: VBOX HARDDISK, 1.0, max UDMA/133
Nov 23 20:17:43 tvermeil kernel: [    0.522602] ata1.00: 20971520 sectors, multi 128: LBA48 NCQ (depth 31/32)
Nov 23 20:17:43 tvermeil kernel: [    0.527599] ata1.00: configured for UDMA/133
Nov 23 20:17:43 tvermeil kernel: [    0.528043] scsi 0:0:0:0: Direct-Access     ATA      VBOX HARDDISK    1.0  PQ: 0 ANSI: 5
Nov 23 20:17:43 tvermeil kernel: [    0.528681] sd 0:0:0:0: Attached scsi generic sg0 type 0
Nov 23 20:17:43 tvermeil kernel: [    0.529641] sd 0:0:0:0: [sda] 20971520 512-byte logical blocks: (10.7 GB/10.0 GiB)
Nov 23 20:17:43 tvermeil kernel: [    0.530127] scsi 2:0:0:0: CD-ROM            VBOX     CD-ROM           1.0  PQ: 0 ANSI: 5
Nov 23 20:17:43 tvermeil kernel: [    0.530718] sd 0:0:0:0: [sda] Write Protect is off
Nov 23 20:17:43 tvermeil kernel: [    0.531148] sd 0:0:0:0: [sda] Mode Sense: 00 3a 00 00
Nov 23 20:17:43 tvermeil kernel: [    0.531175] sd 0:0:0:0: [sda] Write cache: enabled, read cache: enabled, doesn't support DPO or FUA
Nov 23 20:17:43 tvermeil kernel: [    0.532037] sr 2:0:0:0: [sr0] scsi3-mmc drive: 32x/32x xa/form2 tray
Nov 23 20:17:43 tvermeil kernel: [    0.532410] cdrom: Uniform CD-ROM driver Revision: 3.20
Nov 23 20:17:43 tvermeil kernel: [    0.532935] sr 2:0:0:0: Attached scsi CD-ROM sr0
Nov 23 20:17:43 tvermeil kernel: [    0.533354] sr 2:0:0:0: Attached scsi generic sg1 type 5
Nov 23 20:17:43 tvermeil kernel: [    0.576134]  sda: sda1 sda2 sda3 sda4
Nov 23 20:17:43 tvermeil kernel: [    0.576783] sd 0:0:0:0: [sda] Attached SCSI disk
Nov 23 20:17:43 tvermeil kernel: [    0.606892] e1000 0000:00:03.0 eth0: (PCI:33MHz:32-bit) 08:00:27:8b:d4:28
Nov 23 20:17:43 tvermeil kernel: [    0.607383] e1000 0000:00:03.0 eth0: Intel(R) PRO/1000 Network Connection
Nov 23 20:17:43 tvermeil kernel: [    1.022054] e1000 0000:00:08.0 eth1: (PCI:33MHz:32-bit) 08:00:27:cd:bd:ce
Nov 23 20:17:43 tvermeil kernel: [    1.022388] e1000 0000:00:08.0 eth1: Intel(R) PRO/1000 Network Connection
Nov 23 20:17:43 tvermeil kernel: [    1.022591] e1000e: Intel(R) PRO/1000 Network Driver - 3.2.6-k
Nov 23 20:17:43 tvermeil kernel: [    1.023275] e1000e: Copyright(c) 1999 - 2015 Intel Corporation.
Nov 23 20:17:43 tvermeil kernel: [    1.023737] sky2: driver version 1.30
Nov 23 20:17:43 tvermeil kernel: [    1.024168] ehci_hcd: USB 2.0 'Enhanced' Host Controller (EHCI) Driver
Nov 23 20:17:43 tvermeil kernel: [    1.024650] ehci-pci: EHCI PCI platform driver
Nov 23 20:17:43 tvermeil kernel: [    1.025390] ehci-pci 0000:00:0b.0: EHCI Host Controller
Nov 23 20:17:43 tvermeil kernel: [    1.025758] ehci-pci 0000:00:0b.0: new USB bus registered, assigned bus number 1
Nov 23 20:17:43 tvermeil kernel: [    1.027209] ehci-pci 0000:00:0b.0: irq 19, io mem 0xf0840000
Nov 23 20:17:43 tvermeil kernel: [    1.034157] ehci-pci 0000:00:0b.0: USB 2.0 started, EHCI 1.00
Nov 23 20:17:43 tvermeil kernel: [    1.034727] usb usb1: New USB device found, idVendor=1d6b, idProduct=0002
Nov 23 20:17:43 tvermeil kernel: [    1.036296] usb usb1: New USB device strings: Mfr=3, Product=2, SerialNumber=1
Nov 23 20:17:43 tvermeil kernel: [    1.036759] usb usb1: Product: EHCI Host Controller
Nov 23 20:17:43 tvermeil kernel: [    1.037091] usb usb1: Manufacturer: Linux 4.14.0-next-20171123-tvermeil ehci_hcd
Nov 23 20:17:43 tvermeil kernel: [    1.037557] usb usb1: SerialNumber: 0000:00:0b.0
Nov 23 20:17:43 tvermeil kernel: [    1.037984] hub 1-0:1.0: USB hub found
Nov 23 20:17:43 tvermeil kernel: [    1.038336] hub 1-0:1.0: 12 ports detected
Nov 23 20:17:43 tvermeil kernel: [    1.038810] ohci_hcd: USB 1.1 'Open' Host Controller (OHCI) Driver
Nov 23 20:17:43 tvermeil kernel: [    1.039909] ohci-pci: OHCI PCI platform driver
Nov 23 20:17:43 tvermeil kernel: [    1.040859] ohci-pci 0000:00:06.0: OHCI PCI host controller
Nov 23 20:17:43 tvermeil kernel: [    1.041090] ohci-pci 0000:00:06.0: new USB bus registered, assigned bus number 2
Nov 23 20:17:43 tvermeil kernel: [    1.041617] ohci-pci 0000:00:06.0: irq 22, io mem 0xf0804000
Nov 23 20:17:43 tvermeil kernel: [    1.094423] usb usb2: New USB device found, idVendor=1d6b, idProduct=0001
Nov 23 20:17:43 tvermeil kernel: [    1.094888] usb usb2: New USB device strings: Mfr=3, Product=2, SerialNumber=1
Nov 23 20:17:43 tvermeil kernel: [    1.095881] usb usb2: Product: OHCI PCI host controller
Nov 23 20:17:43 tvermeil kernel: [    1.096112] usb usb2: Manufacturer: Linux 4.14.0-next-20171123-tvermeil ohci_hcd
Nov 23 20:17:43 tvermeil kernel: [    1.096555] usb usb2: SerialNumber: 0000:00:06.0
Nov 23 20:17:43 tvermeil kernel: [    1.096955] hub 2-0:1.0: USB hub found
Nov 23 20:17:43 tvermeil kernel: [    1.097291] hub 2-0:1.0: 12 ports detected
Nov 23 20:17:43 tvermeil kernel: [    1.097893] uhci_hcd: USB Universal Host Controller Interface driver
Nov 23 20:17:43 tvermeil kernel: [    1.098071] usbcore: registered new interface driver usblp
Nov 23 20:17:43 tvermeil kernel: [    1.098326] usbcore: registered new interface driver usb-storage
Nov 23 20:17:43 tvermeil kernel: [    1.098690] i8042: PNP: PS/2 Controller [PNP0303:PS2K,PNP0f03:PS2M] at 0x60,0x64 irq 1,12
Nov 23 20:17:43 tvermeil kernel: [    1.099448] serio: i8042 KBD port at 0x60,0x64 irq 1
Nov 23 20:17:43 tvermeil kernel: [    1.100094] serio: i8042 AUX port at 0x60,0x64 irq 12
Nov 23 20:17:43 tvermeil kernel: [    1.100453] mousedev: PS/2 mouse device common for all mice
Nov 23 20:17:43 tvermeil kernel: [    1.105139] rtc_cmos rtc_cmos: rtc core: registered rtc_cmos as rtc0
Nov 23 20:17:43 tvermeil kernel: [    1.105686] rtc_cmos rtc_cmos: alarms up to one day, 114 bytes nvram
Nov 23 20:17:43 tvermeil kernel: [    1.106456] input: AT Translated Set 2 keyboard as /devices/platform/i8042/serio0/input/input3
Nov 23 20:17:43 tvermeil kernel: [    1.108193] device-mapper: ioctl: 4.37.0-ioctl (2017-09-20) initialised: dm-devel@redhat.com
Nov 23 20:17:43 tvermeil kernel: [    1.108730] hidraw: raw HID events driver (C) Jiri Kosina
Nov 23 20:17:43 tvermeil kernel: [    1.109900] usbcore: registered new interface driver usbhid
Nov 23 20:17:43 tvermeil kernel: [    1.110242] usbhid: USB HID core driver
Nov 23 20:17:43 tvermeil kernel: [    1.110767] Netfilter messages via NETLINK v0.30.
Nov 23 20:17:43 tvermeil kernel: [    1.111260] nf_conntrack version 0.5.0 (16384 buckets, 65536 max)
Nov 23 20:17:43 tvermeil kernel: [    1.111670] ctnetlink v0.93: registering with nfnetlink.
Nov 23 20:17:43 tvermeil kernel: [    1.112085] ip_tables: (C) 2000-2006 Netfilter Core Team
Nov 23 20:17:43 tvermeil kernel: [    1.112498] Initializing XFRM netlink socket
Nov 23 20:17:43 tvermeil kernel: [    1.112934] NET: Registered protocol family 10
Nov 23 20:17:43 tvermeil kernel: [    1.113300] kworker/u2:0 (66) used greatest stack depth: 14888 bytes left
Nov 23 20:17:43 tvermeil kernel: [    1.113892] Segment Routing with IPv6
Nov 23 20:17:43 tvermeil kernel: [    1.114075] ip6_tables: (C) 2000-2006 Netfilter Core Team
Nov 23 20:17:43 tvermeil kernel: [    1.114473] sit: IPv6, IPv4 and MPLS over IPv4 tunneling driver
Nov 23 20:17:43 tvermeil kernel: [    1.114914] NET: Registered protocol family 17
Nov 23 20:17:43 tvermeil kernel: [    1.115335] Key type dns_resolver registered
Nov 23 20:17:43 tvermeil kernel: [    1.115733] sched_clock: Marking stable (1115308292, 0)->(1217427117, -102118825)
Nov 23 20:17:43 tvermeil kernel: [    1.116173] registered taskstats version 1
Nov 23 20:17:43 tvermeil kernel: [    1.116461] Loading compiled-in X.509 certificates
Nov 23 20:17:43 tvermeil kernel: [    1.117105]   Magic number: 9:495:294
Nov 23 20:17:43 tvermeil kernel: [    1.117389] ata_device dev2.0: hash matches
Nov 23 20:17:43 tvermeil kernel: [    1.117671]  dev2.0: hash matches
Nov 23 20:17:43 tvermeil kernel: [    1.118088] misc hpet: hash matches
Nov 23 20:17:43 tvermeil kernel: [    1.118397] tty tty27: hash matches
Nov 23 20:17:43 tvermeil kernel: [    1.118805] console [netcon0] enabled
Nov 23 20:17:43 tvermeil kernel: [    1.119868] netconsole: network logging started
Nov 23 20:17:43 tvermeil kernel: [    1.121051] cfg80211: Loading compiled-in X.509 certificates for regulatory database
Nov 23 20:17:43 tvermeil kernel: [    1.122431] cfg80211: Loaded X.509 cert 'sforshee: 00b28ddf47aef9cea7'
Nov 23 20:17:43 tvermeil kernel: [    1.122829] ALSA device list:
Nov 23 20:17:43 tvermeil kernel: [    1.123088]   No soundcards found.
Nov 23 20:17:43 tvermeil kernel: [    1.123438] platform regulatory.0: Direct firmware load for regulatory.db failed with error -2
Nov 23 20:17:43 tvermeil kernel: [    1.124094] cfg80211: failed to load regulatory.db
Nov 23 20:17:43 tvermeil kernel: [    1.185187] tsc: Refined TSC clocksource calibration: 2893.407 MHz
Nov 23 20:17:43 tvermeil kernel: [    1.186388] clocksource: tsc: mask: 0xffffffffffffffff max_cycles: 0x29b4eef41a6, max_idle_ns: 440795231367 ns
Nov 23 20:17:43 tvermeil kernel: [    1.315171] input: ImExPS/2 Generic Explorer Mouse as /devices/platform/i8042/serio1/input/input5
Nov 23 20:17:43 tvermeil kernel: [    1.315816] md: Waiting for all devices to be available before autodetect
Nov 23 20:17:43 tvermeil kernel: [    1.316137] md: If you don't use raid, use raid=noautodetect
Nov 23 20:17:43 tvermeil kernel: [    1.316598] md: Autodetecting RAID arrays.
Nov 23 20:17:43 tvermeil kernel: [    1.316916] md: autorun ...
Nov 23 20:17:43 tvermeil kernel: [    1.317122] md: ... autorun DONE.
Nov 23 20:17:43 tvermeil kernel: [    1.325335] EXT4-fs (sda3): couldn't mount as ext3 due to feature incompatibilities
Nov 23 20:17:43 tvermeil kernel: [    1.360252] EXT4-fs (sda3): mounted filesystem with ordered data mode. Opts: (null)
Nov 23 20:17:43 tvermeil kernel: [    1.360751] VFS: Mounted root (ext4 filesystem) readonly on device 8:3.
Nov 23 20:17:43 tvermeil kernel: [    1.363179] devtmpfs: mounted
Nov 23 20:17:43 tvermeil kernel: [    1.364151] Freeing unused kernel memory: 1172K
Nov 23 20:17:43 tvermeil kernel: [    1.364322] Write protecting the kernel read-only data: 14336k
Nov 23 20:17:43 tvermeil kernel: [    1.364874] Freeing unused kernel memory: 708K
Nov 23 20:17:43 tvermeil kernel: [    1.366539] Freeing unused kernel memory: 968K
Nov 23 20:17:43 tvermeil kernel: [    1.490190] usb 2-1: new full-speed USB device number 2 using ohci-pci
Nov 23 20:17:43 tvermeil kernel: [    1.724999] usb 2-1: New USB device found, idVendor=80ee, idProduct=0021
Nov 23 20:17:43 tvermeil kernel: [    1.725411] usb 2-1: New USB device strings: Mfr=1, Product=3, SerialNumber=0
Nov 23 20:17:43 tvermeil kernel: [    1.725820] usb 2-1: Product: USB Tablet
Nov 23 20:17:43 tvermeil kernel: [    1.726225] usb 2-1: Manufacturer: VirtualBox
Nov 23 20:17:43 tvermeil kernel: [    1.739236] input: VirtualBox USB Tablet as /devices/pci0000:00/0000:00:06.0/usb2/2-1/2-1:1.0/0003:80EE:0021.0001/input/input6
Nov 23 20:17:43 tvermeil kernel: [    1.740726] hid-generic 0003:80EE:0021.0001: input,hidraw0: USB HID v1.10 Mouse [VirtualBox USB Tablet] on usb-0000:00:06.0-1/input0
Nov 23 20:17:43 tvermeil kernel: [    1.964048] wc (80) used greatest stack depth: 13416 bytes left
Nov 23 20:17:43 tvermeil kernel: [    2.193131] clocksource: Switched to clocksource tsc
Nov 23 20:17:43 tvermeil kernel: [    2.680519] ip (154) used greatest stack depth: 13016 bytes left
Nov 23 20:17:43 tvermeil kernel: <30>[    2.805134] udevd[187]: starting version 3.2.1
Nov 23 20:17:43 tvermeil kernel: <30>[    3.015684] udevd[188]: starting eudev-3.2.1
Nov 23 20:17:43 tvermeil kernel: [    3.065834] random: crng init done
Nov 23 20:17:43 tvermeil kernel: [    3.131267] e1000 0000:00:03.0 enp0s3: renamed from eth0
Nov 23 20:17:43 tvermeil kernel: [    3.132115] e1000 0000:00:08.0 enp0s8: renamed from eth1
Nov 23 20:17:43 tvermeil kernel: [    3.480181] Adding 1048572k swap on /dev/sda2.  Priority:1 extents:1 across:1048572k 
Nov 23 20:17:43 tvermeil kernel: [    3.532976] EXT4-fs (sda3): re-mounted. Opts: (null)
Nov 23 20:17:43 tvermeil kernel: [    3.765918] EXT4-fs (sda3): re-mounted. Opts: (null)
Nov 23 20:17:44 tvermeil kernel: [    4.496231] IPv6: ADDRCONF(NETDEV_UP): enp0s3: link is not ready
Nov 23 20:17:44 tvermeil kernel: [    4.497599] e1000: enp0s3 NIC Link is Up 1000 Mbps Full Duplex, Flow Control: RX
Nov 23 20:17:44 tvermeil kernel: [    4.498377] IPv6: ADDRCONF(NETDEV_CHANGE): enp0s3: link becomes ready
Nov 23 20:17:44 tvermeil kernel: [    4.531965] IPv6: ADDRCONF(NETDEV_UP): enp0s8: link is not ready
Nov 23 20:17:44 tvermeil kernel: [    4.534118] e1000: enp0s8 NIC Link is Up 1000 Mbps Full Duplex, Flow Control: RX
Nov 23 20:17:44 tvermeil kernel: [    4.534754] IPv6: ADDRCONF(NETDEV_CHANGE): enp0s8: link becomes ready
